Archive member included to satisfy reference by file (symbol)

app/libapp.a(main.c.obj)      (--whole-archive)
zephyr/libzephyr.a(crc32_sw.c.obj)
                              (--whole-archive)
zephyr/libzephyr.a(crc16_sw.c.obj)
                              (--whole-archive)
zephyr/libzephyr.a(crc8_sw.c.obj)
                              (--whole-archive)
zephyr/libzephyr.a(crc7_sw.c.obj)
                              (--whole-archive)
zephyr/libzephyr.a(dec.c.obj)
                              (--whole-archive)
zephyr/libzephyr.a(fdtable.c.obj)
                              (--whole-archive)
zephyr/libzephyr.a(hex.c.obj)
                              (--whole-archive)
zephyr/libzephyr.a(mempool.c.obj)
                              (--whole-archive)
zephyr/libzephyr.a(notify.c.obj)
                              (--whole-archive)
zephyr/libzephyr.a(printk.c.obj)
                              (--whole-archive)
zephyr/libzephyr.a(onoff.c.obj)
                              (--whole-archive)
zephyr/libzephyr.a(rb.c.obj)  (--whole-archive)
zephyr/libzephyr.a(sem.c.obj)
                              (--whole-archive)
zephyr/libzephyr.a(thread_entry.c.obj)
                              (--whole-archive)
zephyr/libzephyr.a(timeutil.c.obj)
                              (--whole-archive)
zephyr/libzephyr.a(work_q.c.obj)
                              (--whole-archive)
zephyr/libzephyr.a(heap.c.obj)
                              (--whole-archive)
zephyr/libzephyr.a(heap-validate.c.obj)
                              (--whole-archive)
zephyr/libzephyr.a(configs.c.obj)
                              (--whole-archive)
zephyr/libzephyr.a(validate_base_addresses.c.obj)
                              (--whole-archive)
zephyr/libzephyr.a(validate_enabled_instances.c.obj)
                              (--whole-archive)
zephyr/libzephyr.a(log_list.c.obj)
                              (--whole-archive)
zephyr/libzephyr.a(log_core.c.obj)
                              (--whole-archive)
zephyr/libzephyr.a(log_msg.c.obj)
                              (--whole-archive)
zephyr/libzephyr.a(log_output.c.obj)
                              (--whole-archive)
zephyr/libzephyr.a(log_backend_uart.c.obj)
                              (--whole-archive)
zephyr/libzephyr.a(log_backend_rtt.c.obj)
                              (--whole-archive)
zephyr/libzephyr.a(dis.c.obj)
                              (--whole-archive)
zephyr/libzephyr.a(bas.c.obj)
                              (--whole-archive)
zephyr/libzephyr.a(hrs.c.obj)
                              (--whole-archive)
zephyr/libzephyr.a(addr_utils.c.obj)
                              (--whole-archive)
zephyr/libzephyr.a(power.c.obj)
                              (--whole-archive)
zephyr/libzephyr.a(policy_residency.c.obj)
                              (--whole-archive)
zephyr/libzephyr.a(uart_console.c.obj)
                              (--whole-archive)
zephyr/libzephyr.a(clock_control_nrf.c.obj)
                              (--whole-archive)
zephyr/libzephyr.a(hwinfo_weak_impl.c.obj)
                              (--whole-archive)
zephyr/libzephyr.a(hwinfo_nrf.c.obj)
                              (--whole-archive)
zephyr/libzephyr.a(sys_clock_init.c.obj)
                              (--whole-archive)
zephyr/libzephyr.a(nrf_rtc_timer.c.obj)
                              (--whole-archive)
zephyr/libzephyr.a(SEGGER_RTT.c.obj)
                              (--whole-archive)
zephyr/libzephyr.a(SEGGER_RTT_zephyr.c.obj)
                              (--whole-archive)
zephyr/libzephyr.a(utils.c.obj)
                              (--whole-archive)
zephyr/libzephyr.a(ecc_dh.c.obj)
                              (--whole-archive)
zephyr/libzephyr.a(ecc.c.obj)
                              (--whole-archive)
zephyr/libzephyr.a(aes_decrypt.c.obj)
                              (--whole-archive)
zephyr/libzephyr.a(aes_encrypt.c.obj)
                              (--whole-archive)
zephyr/libzephyr.a(cmac_mode.c.obj)
                              (--whole-archive)
zephyr/arch/common/libarch__common.a(sw_isr_common.c.obj)
                              (--whole-archive)
zephyr/arch/arch/arm/core/aarch32/libarch__arm__core__aarch32.a(swap.c.obj)
                              (--whole-archive)
zephyr/arch/arch/arm/core/aarch32/libarch__arm__core__aarch32.a(swap_helper.S.obj)
                              (--whole-archive)
zephyr/arch/arch/arm/core/aarch32/libarch__arm__core__aarch32.a(irq_manage.c.obj)
                              (--whole-archive)
zephyr/arch/arch/arm/core/aarch32/libarch__arm__core__aarch32.a(thread.c.obj)
                              (--whole-archive)
zephyr/arch/arch/arm/core/aarch32/libarch__arm__core__aarch32.a(cpu_idle.S.obj)
                              (--whole-archive)
zephyr/arch/arch/arm/core/aarch32/libarch__arm__core__aarch32.a(fatal.c.obj)
                              (--whole-archive)
zephyr/arch/arch/arm/core/aarch32/libarch__arm__core__aarch32.a(nmi.c.obj)
[...]
Memory Configuration

Name             Origin             Length             Attributes
FLASH            0x0000000000000000 0x0000000000100000 xr
SRAM             0x0000000020000000 0x0000000000040000 xw
IDT_LIST         0x0000000020040000 0x0000000000000800 xw
*default*        0x0000000000000000 0xffffffffffffffff

Linker script and memory map

LOAD zephyr/CMakeFiles/zephyr_final.dir/misc/empty_file.c.obj
LOAD zephyr/CMakeFiles/zephyr_final.dir/isr_tables.c.obj
LOAD zephyr/CMakeFiles/offsets.dir/./arch/arm/core/offsets/offsets.c.obj
                0x0000000000000020                _region_min_align = 0x20

.rel.plt        0x0000000000000000        0x0
 *(SORT_BY_ALIGNMENT(.rel.plt))
                [!provide]                        PROVIDE (__rel_iplt_start = .)
 *(SORT_BY_ALIGNMENT(.rel.iplt))
 .rel.iplt      0x0000000000000000        0x0 zephyr/CMakeFiles/zephyr_final.dir/isr_tables.c.obj
                [!provide]                        PROVIDE (__rel_iplt_end = .)

.rela.plt       0x0000000000000000        0x0
 *(SORT_BY_ALIGNMENT(.rela.plt))
                [!provide]                        PROVIDE (__rela_iplt_start = .)
 *(SORT_BY_ALIGNMENT(.rela.iplt))
                [!provide]                        PROVIDE (__rela_iplt_end = .)

.rel.dyn
 *(SORT_BY_ALIGNMENT(.rel.*))

.rela.dyn
 *(SORT_BY_ALIGNMENT(.rela.*))

/DISCARD/
 *(SORT_BY_ALIGNMENT(.plt))

/DISCARD/
 *(SORT_BY_ALIGNMENT(.iplt))
                0x0000000000000000                _image_rom_start = 0x0

rom_start       0x0000000000000000      0x100
                0x0000000000000000                . = 0x0
                0x0000000000000000                . = ALIGN (0x4)
                0x0000000000000000                . = ALIGN (0x80)
                0x0000000000000000                . = ALIGN (0x100)
                0x0000000000000000                _vector_start = .
 *(SORT_BY_ALIGNMENT(.exc_vector_table))
 *(SORT_BY_ALIGNMENT(.exc_vector_table.*))
 .exc_vector_table._vector_table_section
                0x0000000000000000       0x40 zephyr/arch/arch/arm/core/aarch32/cortex_m/libarch__arm__core__aarch32__cortex_m.a(vector_table.S.obj)
                0x0000000000000000                _vector_table
 *(SORT_BY_ALIGNMENT(.gnu.linkonce.irq_vector_table*))
 .gnu.linkonce.irq_vector_table*
                0x0000000000000040       0xc0 zephyr/CMakeFiles/zephyr_final.dir/isr_tables.c.obj
                0x0000000000000040                _irq_vector_table
 *(SORT_BY_ALIGNMENT(.vectors))
                0x0000000000000100                _vector_end = .
 *(SORT_BY_ALIGNMENT(.openocd_dbg))
 *(SORT_BY_ALIGNMENT(.openocd_dbg.*))

text            0x0000000000000100    0x264c2
                0x0000000000000100                _image_text_start = .
 *(SORT_BY_ALIGNMENT(.text))
 .text          0x0000000000000100       0xa0 /Users/valentin/research/toolchains/gcc-arm-none-eabi-10.3-2021.07/arm-none-eabi/lib/thumb/v7e-m/nofp/libc_nano.a(lib_a-memchr.o)
                0x0000000000000100                memchr
 .text          0x00000000000001a0      0x21c /Users/valentin/research/toolchains/gcc-arm-none-eabi-10.3-2021.07/bin/../lib/gcc/arm-none-eabi/10.3.1/thumb/v7e-m/nofp/libgcc.a(_arm_addsubsf3.o)
                0x00000000000001a0                __aeabi_frsub
                0x00000000000001a8                __aeabi_fsub
                0x00000000000001a8                __subsf3
                0x00000000000001ac                __aeabi_fadd
                0x00000000000001ac                __addsf3
                0x000000000000030c                __aeabi_ui2f
                0x000000000000030c                __floatunsisf
                0x0000000000000314                __floatsisf
                0x0000000000000314                __aeabi_i2f
                0x0000000000000330                __aeabi_ul2f
                0x0000000000000330                __floatundisf
                0x0000000000000340                __aeabi_l2f
                0x0000000000000340                __floatdisf
 .text          0x00000000000003bc      0x2a0 /Users/valentin/research/toolchains/gcc-arm-none-eabi-10.3-2021.07/bin/../lib/gcc/arm-none-eabi/10.3.1/thumb/v7e-m/nofp/libgcc.a(_arm_muldivsf3.o)
                0x00000000000003bc                __mulsf3
                0x00000000000003bc                __aeabi_fmul
                0x0000000000000524                __divsf3
                0x0000000000000524                __aeabi_fdiv
 .text          0x000000000000065c       0xec /Users/valentin/research/toolchains/gcc-arm-none-eabi-10.3-2021.07/bin/../lib/gcc/arm-none-eabi/10.3.1/thumb/v7e-m/nofp/libgcc.a(_arm_cmpsf2.o)
                0x000000000000065c                __gesf2
                0x000000000000065c                __gtsf2
                0x0000000000000664                __ltsf2
                0x0000000000000664                __lesf2
                0x000000000000066c                __nesf2
                0x000000000000066c                __eqsf2
                0x000000000000066c                __cmpsf2
                0x00000000000006cc                __aeabi_cfrcmple
                0x00000000000006d4                __aeabi_cfcmpeq
                0x00000000000006d4                __aeabi_cfcmple
                0x00000000000006e4                __aeabi_fcmpeq
                0x00000000000006f8                __aeabi_fcmplt
                0x000000000000070c                __aeabi_fcmple
                0x0000000000000720                __aeabi_fcmpge
                0x0000000000000734                __aeabi_fcmpgt
 .text          0x0000000000000748       0x30 /Users/valentin/research/toolchains/gcc-arm-none-eabi-10.3-2021.07/bin/../lib/gcc/arm-none-eabi/10.3.1/thumb/v7e-m/nofp/libgcc.a(_aeabi_uldivmod.o)
                0x0000000000000748                __aeabi_uldivmod
 .text          0x0000000000000778      0x2d0 /Users/valentin/research/toolchains/gcc-arm-none-eabi-10.3-2021.07/bin/../lib/gcc/arm-none-eabi/10.3.1/thumb/v7e-m/nofp/libgcc.a(_udivmoddi4.o)
                0x0000000000000778                __udivmoddi4
 .text          0x0000000000000a48        0x4 /Users/valentin/research/toolchains/gcc-arm-none-eabi-10.3-2021.07/bin/../lib/gcc/arm-none-eabi/10.3.1/thumb/v7e-m/nofp/libgcc.a(_dvmd_tls.o)
                0x0000000000000a48                __aeabi_ldiv0
                0x0000000000000a48                __aeabi_idiv0
 .text          0x0000000000000a4c       0x14 /Users/valentin/research/toolchains/gcc-arm-none-eabi-10.3-2021.07/arm-none-eabi/lib/thumb/v7e-m/nofp/libc_nano.a(lib_a-strcmp.o)
                0x0000000000000a4c                strcmp
 .text          0x0000000000000a60       0x10 /Users/valentin/research/toolchains/gcc-arm-none-eabi-10.3-2021.07/arm-none-eabi/lib/thumb/v7e-m/nofp/libc_nano.a(lib_a-strlen.o)
                0x0000000000000a60                strlen
 *(SORT_BY_ALIGNMENT(.text.*))
 .text.bt_init  0x0000000000000a70      0x53c zephyr/subsys/bluetooth/host/libsubsys__bluetooth__host.a(hci_core.c.obj)
 *fill*         0x0000000000000fac        0x4 
 .text.ll_adv_enable
                0x0000000000000fb0      0x4d8 zephyr/subsys/bluetooth/controller/libsubsys__bluetooth__controller.a(ull_adv.c.obj)
                0x0000000000000fb0                ll_adv_enable
 .text.ll_scan_params_set
                0x0000000000001488       0x70 zephyr/subsys/bluetooth/controller/libsubsys__bluetooth__controller.a(ull_scan.c.obj)
                0x0000000000001488                ll_scan_params_set
 .text.ull_scan_params_set
                0x00000000000014f8       0x4c zephyr/subsys/bluetooth/controller/libsubsys__bluetooth__controller.a(ull_scan.c.obj)
                0x00000000000014f8                ull_scan_params_set
 *fill*         0x0000000000001544        0x4 
 .text.ull_scan_enable
                0x0000000000001548      0x180 zephyr/subsys/bluetooth/controller/libsubsys__bluetooth__controller.a(ull_scan.c.obj)
                0x0000000000001548                ull_scan_enable
 .text.ull_conn_llcp
                0x00000000000016c8     0x1c2c zephyr/subsys/bluetooth/controller/libsubsys__bluetooth__controller.a(ull_conn.c.obj)
                0x00000000000016c8                ull_conn_llcp
 *fill*         0x00000000000032f4        0x4 
 .text.ull_slave_setup
                0x00000000000032f8      0x3e8 zephyr/subsys/bluetooth/controller/libsubsys__bluetooth__controller.a(ull_slave.c.obj)
                0x00000000000032f8                ull_slave_setup
 .text.ull_slave_done
                0x00000000000036e0       0x8c zephyr/subsys/bluetooth/controller/libsubsys__bluetooth__controller.a(ull_slave.c.obj)
                0x00000000000036e0                ull_slave_done
 *fill*         0x000000000000376c        0x4 
 .text.ull_master_setup
                0x0000000000003770      0x24c zephyr/subsys/bluetooth/controller/libsubsys__bluetooth__controller.a(ull_master.c.obj)
                0x0000000000003770                ull_master_setup
 *fill*         0x00000000000039bc        0x4 
 .text.win_offset_calc.constprop.0
                0x00000000000039c0      0x2ec zephyr/subsys/bluetooth/controller/libsubsys__bluetooth__controller.a(ull_sched.c.obj)
 *fill*         0x0000000000003cac        0x4 
 .text.ull_sched_after_mstr_slot_get
                0x0000000000003cb0      0x12c zephyr/subsys/bluetooth/controller/libsubsys__bluetooth__controller.a(ull_sched.c.obj)
                0x0000000000003cb0                ull_sched_after_mstr_slot_get
 *fill*         0x0000000000003ddc        0x4 
 .text.after_mstr_offset_get
                0x0000000000003de0       0x94 zephyr/subsys/bluetooth/controller/libsubsys__bluetooth__controller.a(ull_sched.c.obj)
 *fill*         0x0000000000003e74        0x4 
 .text.ull_sched_mfy_win_offset_select
                0x0000000000003e78      0x11c zephyr/subsys/bluetooth/controller/libsubsys__bluetooth__controller.a(ull_sched.c.obj)
                0x0000000000003e78                ull_sched_mfy_win_offset_select
 *fill*         0x0000000000003f94        0x4 
 .text.isr_rx   0x0000000000003f98      0x6bc zephyr/subsys/bluetooth/controller/libsubsys__bluetooth__controller.a(lll_scan.c.obj)
 .text.ctrl_notify_func
                0x0000000000004654       0x1c app/libapp.a(main.c.obj)
 .text.peripheral_disconnected
                0x0000000000004670       0x20 app/libapp.a(main.c.obj)
 .text.ctrl_start_scan
                0x0000000000004690       0x48 app/libapp.a(main.c.obj)
 .text.peripheral_connected
                0x00000000000046d8       0x2c app/libapp.a(main.c.obj)
 .text.ctrl_discover_func
                0x0000000000004704      0x100 app/libapp.a(main.c.obj)
 .text.ctrl_eir_found
                0x0000000000004804       0xb4 app/libapp.a(main.c.obj)
 .text.bt_addr_le_to_str.constprop.0.isra.0
                0x00000000000048b8       0x78 app/libapp.a(main.c.obj)
 .text.peripheral_auth_cancel
                0x0000000000004930       0x20 app/libapp.a(main.c.obj)
 .text.ctrl_disconnected
                0x0000000000004950       0x3c app/libapp.a(main.c.obj)
 .text.ctrl_connected
                0x000000000000498c       0x94 app/libapp.a(main.c.obj)
 .text.ctrl_device_found
                0x0000000000004a20       0x28 app/libapp.a(main.c.obj)
 .text.get_device
                0x0000000000004a48       0x30 app/libapp.a(main.c.obj)
                0x0000000000004a48                get_device
 .text.main     0x0000000000004a78      0x15c app/libapp.a(main.c.obj)
                0x0000000000004a78                main
 .text.print_digits
                0x0000000000004bd4       0x94 zephyr/libzephyr.a(printk.c.obj)
 .text.char_out
                0x0000000000004c68       0x10 zephyr/libzephyr.a(printk.c.obj)
 .text.__printk_hook_install
                0x0000000000004c78        0xc zephyr/libzephyr.a(printk.c.obj)
                0x0000000000004c78                __printk_hook_install
 .text.z_vprintk
                0x0000000000004c84      0x244 zephyr/libzephyr.a(printk.c.obj)
                0x0000000000004c84                z_vprintk
 .text.vprintk  0x0000000000004ec8       0x1c zephyr/libzephyr.a(printk.c.obj)
                0x0000000000004ec8                vprintk
 .text.vsnprintk
                0x0000000000004ee4       0x28 zephyr/libzephyr.a(printk.c.obj)
                0x0000000000004ee4                vsnprintk
 .text.process_event
                0x0000000000004f0c      0x1c0 zephyr/libzephyr.a(onoff.c.obj)
 .text.enable_logger
                0x00000000000050cc       0x5c zephyr/libzephyr.a(log_core.c.obj)
 .text.log_process_thread_timer_expiry_fn
                0x0000000000005128        0xc zephyr/libzephyr.a(log_core.c.obj)
 .text.z_log_get_s_mask
                0x0000000000005134       0x48 zephyr/libzephyr.a(log_core.c.obj)
                0x0000000000005134                z_log_get_s_mask
 .text.log_core_init
                0x000000000000517c       0x40 zephyr/libzephyr.a(log_core.c.obj)
                0x000000000000517c                log_core_init
 .text.dropped_notify
                0x00000000000051bc       0x4c zephyr/libzephyr.a(log_core.c.obj)
                0x00000000000051bc                dropped_notify
 .text.log_dropped
                0x0000000000005208       0x20 zephyr/libzephyr.a(log_core.c.obj)
                0x0000000000005208                log_dropped
 .text.log_source_name_get
                0x0000000000005228       0x1c zephyr/libzephyr.a(log_core.c.obj)
                0x0000000000005228                log_source_name_get
 .text.log_backend_enable
                0x0000000000005244       0x34 zephyr/libzephyr.a(log_core.c.obj)
                0x0000000000005244                log_backend_enable
 .text.log_init
                0x0000000000005278       0x70 zephyr/libzephyr.a(log_core.c.obj)
                0x0000000000005278                log_init
 .text.log_strdup
                0x00000000000052e8       0x70 zephyr/libzephyr.a(log_core.c.obj)
                0x00000000000052e8                log_strdup
 .text.log_is_strdup
                0x0000000000005358       0x1c zephyr/libzephyr.a(log_core.c.obj)
                0x0000000000005358                log_is_strdup
 .text.z_impl_log_process
                0x0000000000005374      0x174 zephyr/libzephyr.a(log_core.c.obj)
                0x0000000000005374                z_impl_log_process
 .text.log_process_thread_func
                0x00000000000054e8       0x48 zephyr/libzephyr.a(log_core.c.obj)
 .text.msg_finalize
                0x0000000000005530       0xc4 zephyr/libzephyr.a(log_core.c.obj)
 .text.z_impl_log_panic
                0x00000000000055f4       0x48 zephyr/libzephyr.a(log_core.c.obj)
                0x00000000000055f4                z_impl_log_panic
 .text.log_free
                0x000000000000563c       0x34 zephyr/libzephyr.a(log_core.c.obj)
                0x000000000000563c                log_free
 .text.log_msg_pool_init
                0x0000000000005670       0x14 zephyr/libzephyr.a(log_msg.c.obj)
                0x0000000000005670                log_msg_pool_init
 .text.log_msg_no_space_handle
                0x0000000000005684       0x30 zephyr/libzephyr.a(log_msg.c.obj)
                0x0000000000005684                log_msg_no_space_handle
 .text.log_msg_chunk_alloc
                0x00000000000056b4       0x28 zephyr/libzephyr.a(log_msg.c.obj)
                0x00000000000056b4                log_msg_chunk_alloc
 .text.msg_free
                0x00000000000056dc       0x7c zephyr/libzephyr.a(log_msg.c.obj)
 .text.print_formatted
                0x0000000000005758       0x24 zephyr/libzephyr.a(log_output.c.obj)
 .text.hexdump_line_print
                0x000000000000577c       0xe4 zephyr/libzephyr.a(log_output.c.obj)
 .text.prefix_print
                0x0000000000005860      0x11c zephyr/libzephyr.a(log_output.c.obj)
 .text.postfix_print
                0x000000000000597c       0x3c zephyr/libzephyr.a(log_output.c.obj)
 .text.log_output_msg_process
                0x00000000000059b8       0xf8 zephyr/libzephyr.a(log_output.c.obj)
                0x00000000000059b8                log_output_msg_process
 .text.log_output_dropped_process
                0x0000000000005ab0       0x58 zephyr/libzephyr.a(log_output.c.obj)
                0x0000000000005ab0                log_output_dropped_process
 .text.log_output_timestamp_freq_set
                0x0000000000005b08       0x30 zephyr/libzephyr.a(log_output.c.obj)
                0x0000000000005b08                log_output_timestamp_freq_set
 .text.char_out
                0x0000000000005b38       0x24 zephyr/libzephyr.a(log_backend_uart.c.obj)
 .text.panic    0x0000000000005b5c        0xc zephyr/libzephyr.a(log_backend_uart.c.obj)
 .text.dropped  0x0000000000005b68        0xc zephyr/libzephyr.a(log_backend_uart.c.obj)
 .text.log_backend_uart_init
                0x0000000000005b74       0x30 zephyr/libzephyr.a(log_backend_uart.c.obj)
 .text.put      0x0000000000005ba4       0x24 zephyr/libzephyr.a(log_backend_uart.c.obj)
 .text.log_backend_rtt_init
                0x0000000000005bc8        0xc zephyr/libzephyr.a(log_backend_rtt.c.obj)
 .text.panic    0x0000000000005bd4       0x14 zephyr/libzephyr.a(log_backend_rtt.c.obj)
 .text.dropped  0x0000000000005be8        0xc zephyr/libzephyr.a(log_backend_rtt.c.obj)
 .text.put      0x0000000000005bf4       0x24 zephyr/libzephyr.a(log_backend_rtt.c.obj)
 .text.on_failed_write.part.0
                0x0000000000005c18       0x1c zephyr/libzephyr.a(log_backend_rtt.c.obj)
 .text.data_out_block_mode
                0x0000000000005c34       0x9c zephyr/libzephyr.a(log_backend_rtt.c.obj)
 .text.blvl_ccc_cfg_changed
                0x0000000000005cd0       0x34 zephyr/libzephyr.a(bas.c.obj)
 .text.read_blvl
                0x0000000000005d04       0x28 zephyr/libzephyr.a(bas.c.obj)
 .text.bt_bas_get_battery_level
                0x0000000000005d2c        0xc zephyr/libzephyr.a(bas.c.obj)
                0x0000000000005d2c                bt_bas_get_battery_level
 .text.bt_bas_set_battery_level
                0x0000000000005d38       0x50 zephyr/libzephyr.a(bas.c.obj)
                0x0000000000005d38                bt_bas_set_battery_level
 .text.hrs_init
                0x0000000000005d88       0x10 zephyr/libzephyr.a(hrs.c.obj)
 .text.read_blsc
                0x0000000000005d98       0x1c zephyr/libzephyr.a(hrs.c.obj)
 .text.hrmc_ccc_cfg_changed
                0x0000000000005db4       0x34 zephyr/libzephyr.a(hrs.c.obj)
 .text.bt_hrs_notify
                0x0000000000005de8       0x40 zephyr/libzephyr.a(hrs.c.obj)
                0x0000000000005de8                bt_hrs_notify
 .text.uart_console_init
                0x0000000000005e28       0x2c zephyr/libzephyr.a(uart_console.c.obj)
 .text.console_out
                0x0000000000005e54       0x28 zephyr/libzephyr.a(uart_console.c.obj)
 .text.onoff_stop
                0x0000000000005e7c       0x30 zephyr/libzephyr.a(clock_control_nrf.c.obj)
 .text.onoff_start
                0x0000000000005eac       0x40 zephyr/libzephyr.a(clock_control_nrf.c.obj)
 .text.clk_init
                0x0000000000005eec       0x60 zephyr/libzephyr.a(clock_control_nrf.c.obj)
 .text.clkstarted_handle.constprop.0
                0x0000000000005f4c       0x34 zephyr/libzephyr.a(clock_control_nrf.c.obj)
 .text.clock_event_handler
                0x0000000000005f80       0x1c zephyr/libzephyr.a(clock_control_nrf.c.obj)
 .text.generic_hfclk_start
                0x0000000000005f9c       0x64 zephyr/libzephyr.a(clock_control_nrf.c.obj)
 .text.api_blocking_start
                0x0000000000006000       0x40 zephyr/libzephyr.a(clock_control_nrf.c.obj)
 .text.generic_hfclk_stop
                0x0000000000006040       0x2c zephyr/libzephyr.a(clock_control_nrf.c.obj)
 .text.z_nrf_clock_control_get_onoff
                0x000000000000606c       0x10 zephyr/libzephyr.a(clock_control_nrf.c.obj)
                0x000000000000606c                z_nrf_clock_control_get_onoff
 .text.z_nrf_clock_bt_ctlr_hf_request
                0x000000000000607c       0x2c zephyr/libzephyr.a(clock_control_nrf.c.obj)
                0x000000000000607c                z_nrf_clock_bt_ctlr_hf_request
 .text.z_nrf_clock_bt_ctlr_hf_release
                0x00000000000060a8       0x2c zephyr/libzephyr.a(clock_control_nrf.c.obj)
                0x00000000000060a8                z_nrf_clock_bt_ctlr_hf_release
 .text.z_nrf_clock_control_lf_on
                0x00000000000060d4       0x50 zephyr/libzephyr.a(clock_control_nrf.c.obj)
                0x00000000000060d4                z_nrf_clock_control_lf_on
 .text.handle_next_cycle_case
                0x0000000000006124       0x28 zephyr/libzephyr.a(nrf_rtc_timer.c.obj)
 .text.rtc_nrf_isr
                0x000000000000614c       0x2c zephyr/libzephyr.a(nrf_rtc_timer.c.obj)
                0x000000000000614c                rtc_nrf_isr
 .text.z_clock_driver_init
                0x0000000000006178       0x4c zephyr/libzephyr.a(nrf_rtc_timer.c.obj)
                0x0000000000006178                z_clock_driver_init
 .text.z_clock_set_timeout
                0x00000000000061c4       0xc8 zephyr/libzephyr.a(nrf_rtc_timer.c.obj)
                0x00000000000061c4                z_clock_set_timeout
 .text.z_clock_elapsed
                0x000000000000628c       0x34 zephyr/libzephyr.a(nrf_rtc_timer.c.obj)
                0x000000000000628c                z_clock_elapsed
 .text.z_timer_cycle_get_32
                0x00000000000062c0       0x34 zephyr/libzephyr.a(nrf_rtc_timer.c.obj)
                0x00000000000062c0                z_timer_cycle_get_32
 .text._DoInit  0x00000000000062f4       0x60 zephyr/libzephyr.a(SEGGER_RTT.c.obj)
 .text.SEGGER_RTT_WriteSkipNoLock
                0x0000000000006354       0x98 zephyr/libzephyr.a(SEGGER_RTT.c.obj)
                0x0000000000006354                SEGGER_RTT_WriteSkipNoLock
 .text.SEGGER_RTT_HasDataUp
                0x00000000000063ec       0x14 zephyr/libzephyr.a(SEGGER_RTT.c.obj)
                0x00000000000063ec                SEGGER_RTT_HasDataUp
 .text.uECC_get_rng
                0x0000000000006400        0xc zephyr/libzephyr.a(ecc.c.obj)
                0x0000000000006400                uECC_get_rng
 .text.vli_mmod_fast_secp256r1
                0x000000000000640c      0x188 zephyr/libzephyr.a(ecc.c.obj)
                0x000000000000640c                vli_mmod_fast_secp256r1
 .text.sub_bytes
                0x0000000000006594       0x18 zephyr/libzephyr.a(aes_encrypt.c.obj)
 .text.tc_aes128_set_encrypt_key
                0x00000000000065ac       0xa4 zephyr/libzephyr.a(aes_encrypt.c.obj)
                0x00000000000065ac                tc_aes128_set_encrypt_key
 .text.arch_swap
                0x0000000000006650       0x34 zephyr/arch/arch/arm/core/aarch32/libarch__arm__core__aarch32.a(swap.c.obj)
                0x0000000000006650                arch_swap
 .text.z_arm_pendsv
                0x0000000000006684       0x48 zephyr/arch/arch/arm/core/aarch32/libarch__arm__core__aarch32.a(swap_helper.S.obj)
                0x0000000000006684                z_arm_pendsv
 .text.z_arm_svc
                0x00000000000066cc       0x20 zephyr/arch/arch/arm/core/aarch32/libarch__arm__core__aarch32.a(swap_helper.S.obj)
                0x00000000000066cc                z_arm_svc
 .text.arch_irq_enable
                0x00000000000066ec       0x20 zephyr/arch/arch/arm/core/aarch32/libarch__arm__core__aarch32.a(irq_manage.c.obj)
                0x00000000000066ec                arch_irq_enable
 .text.arch_irq_disable
                0x000000000000670c       0x28 zephyr/arch/arch/arm/core/aarch32/libarch__arm__core__aarch32.a(irq_manage.c.obj)
                0x000000000000670c                arch_irq_disable
 .text.arch_irq_is_enabled
                0x0000000000006734       0x1c zephyr/arch/arch/arm/core/aarch32/libarch__arm__core__aarch32.a(irq_manage.c.obj)
                0x0000000000006734                arch_irq_is_enabled
 .text.z_arm_irq_priority_set
                0x0000000000006750       0x30 zephyr/arch/arch/arm/core/aarch32/libarch__arm__core__aarch32.a(irq_manage.c.obj)
                0x0000000000006750                z_arm_irq_priority_set
 .text._arch_isr_direct_pm
                0x0000000000006780       0x1c zephyr/arch/arch/arm/core/aarch32/libarch__arm__core__aarch32.a(irq_manage.c.obj)
                0x0000000000006780                _arch_isr_direct_pm
 .text.arch_new_thread
                0x000000000000679c       0x38 zephyr/arch/arch/arm/core/aarch32/libarch__arm__core__aarch32.a(thread.c.obj)
                0x000000000000679c                arch_new_thread
 .text.arch_switch_to_main_thread
                0x00000000000067d4       0x30 zephyr/arch/arch/arm/core/aarch32/libarch__arm__core__aarch32.a(thread.c.obj)
                0x00000000000067d4                arch_switch_to_main_thread
 .text.z_arm_cpu_idle_init
                0x0000000000006804        0xc zephyr/arch/arch/arm/core/aarch32/libarch__arm__core__aarch32.a(cpu_idle.S.obj)
                0x0000000000006804                z_arm_cpu_idle_init
 .text.arch_cpu_idle
                0x0000000000006810       0x1c zephyr/arch/arch/arm/core/aarch32/libarch__arm__core__aarch32.a(cpu_idle.S.obj)
                0x0000000000006810                arch_cpu_idle
 .text.z_arm_fatal_error
                0x000000000000682c       0x70 zephyr/arch/arch/arm/core/aarch32/libarch__arm__core__aarch32.a(fatal.c.obj)
                0x000000000000682c                z_arm_fatal_error
 .text.z_SysNmiOnReset
                0x000000000000689c        0x8 zephyr/arch/arch/arm/core/aarch32/libarch__arm__core__aarch32.a(nmi_on_reset.S.obj)
                0x000000000000689c                z_SysNmiOnReset
 .text.z_arm_prep_c
                0x00000000000068a4       0x44 zephyr/arch/arch/arm/core/aarch32/libarch__arm__core__aarch32.a(prep_c.c.obj)
                0x00000000000068a4                z_arm_prep_c
 .text._isr_wrapper
                0x00000000000068e8       0x40 zephyr/arch/arch/arm/core/aarch32/libarch__arm__core__aarch32.a(isr_wrapper.S.obj)
                0x00000000000068e8                _isr_wrapper
 .text._reset_section
                0x0000000000006928       0x30 zephyr/arch/arch/arm/core/aarch32/cortex_m/libarch__arm__core__aarch32__cortex_m.a(reset.S.obj)
                0x0000000000006928                z_arm_reset
                0x0000000000006928                __start
 .text.__fault  0x0000000000006958       0x14 zephyr/arch/arch/arm/core/aarch32/cortex_m/libarch__arm__core__aarch32__cortex_m.a(fault_s.S.obj)
                0x0000000000006958                z_arm_bus_fault
                0x0000000000006958                z_arm_usage_fault
                0x0000000000006958                z_arm_mpu_fault
                0x0000000000006958                z_arm_exc_spurious
                0x0000000000006958                z_arm_debug_monitor
                0x0000000000006958                z_arm_hard_fault
 .text.usage_fault.constprop.0
                0x000000000000696c       0xb8 zephyr/arch/arch/arm/core/aarch32/cortex_m/libarch__arm__core__aarch32__cortex_m.a(fault.c.obj)
 .text.bus_fault.constprop.0
                0x0000000000006a24       0xdc zephyr/arch/arch/arm/core/aarch32/cortex_m/libarch__arm__core__aarch32__cortex_m.a(fault.c.obj)
 .text.mem_manage_fault.constprop.0
                0x0000000000006b00       0xcc zephyr/arch/arch/arm/core/aarch32/cortex_m/libarch__arm__core__aarch32__cortex_m.a(fault.c.obj)
 .text.z_arm_fault
                0x0000000000006bcc      0x1a0 zephyr/arch/arch/arm/core/aarch32/cortex_m/libarch__arm__core__aarch32__cortex_m.a(fault.c.obj)
                0x0000000000006bcc                z_arm_fault
 .text.z_arm_fault_init
                0x0000000000006d6c       0x10 zephyr/arch/arch/arm/core/aarch32/cortex_m/libarch__arm__core__aarch32__cortex_m.a(fault.c.obj)
                0x0000000000006d6c                z_arm_fault_init
 .text._HandlerModeExit
                0x0000000000006d7c       0x1c zephyr/arch/arch/arm/core/aarch32/cortex_m/libarch__arm__core__aarch32__cortex_m.a(exc_exit.S.obj)
                0x0000000000006d7c                z_arm_exc_exit
                0x0000000000006d7c                z_arm_int_exit
 .text.z_arm_interrupt_init
                0x0000000000006d98       0x18 zephyr/arch/arch/arm/core/aarch32/cortex_m/libarch__arm__core__aarch32__cortex_m.a(irq_init.c.obj)
                0x0000000000006d98                z_arm_interrupt_init
 .text.z_impl_k_thread_abort
                0x0000000000006db0       0x58 zephyr/arch/arch/arm/core/aarch32/cortex_m/libarch__arm__core__aarch32__cortex_m.a(thread_abort.c.obj)
                0x0000000000006db0                z_impl_k_thread_abort
 .text.z_arm_configure_static_mpu_regions
                0x0000000000006e08       0x38 zephyr/arch/arch/arm/core/aarch32/cortex_m/mpu/libarch__arm__core__aarch32__cortex_m__mpu.a(arm_core_mpu.c.obj)
                0x0000000000006e08                z_arm_configure_static_mpu_regions
 .text.mpu_configure_regions
                0x0000000000006e40       0xc4 zephyr/arch/arch/arm/core/aarch32/cortex_m/mpu/libarch__arm__core__aarch32__cortex_m__mpu.a(arm_mpu.c.obj)
 .text.arm_core_mpu_enable
                0x0000000000006f04       0x18 zephyr/arch/arch/arm/core/aarch32/cortex_m/mpu/libarch__arm__core__aarch32__cortex_m__mpu.a(arm_mpu.c.obj)
                0x0000000000006f04                arm_core_mpu_enable
 .text.arm_core_mpu_disable
                0x0000000000006f1c       0x14 zephyr/arch/arch/arm/core/aarch32/cortex_m/mpu/libarch__arm__core__aarch32__cortex_m__mpu.a(arm_mpu.c.obj)
                0x0000000000006f1c                arm_core_mpu_disable
 .text.arm_mpu_init
                0x0000000000006f30       0x60 zephyr/arch/arch/arm/core/aarch32/cortex_m/mpu/libarch__arm__core__aarch32__cortex_m__mpu.a(arm_mpu.c.obj)
 .text.arm_core_mpu_configure_static_mpu_regions
                0x0000000000006f90       0x14 zephyr/arch/arch/arm/core/aarch32/cortex_m/mpu/libarch__arm__core__aarch32__cortex_m__mpu.a(arm_mpu.c.obj)
                0x0000000000006f90                arm_core_mpu_configure_static_mpu_regions
 .text.__stdout_hook_install
                0x0000000000006fa4        0xc zephyr/lib/libc/newlib/liblib__libc__newlib.a(libc-hooks.c.obj)
                0x0000000000006fa4                __stdout_hook_install
 .text.z_impl_zephyr_read_stdin
                0x0000000000006fb0       0x28 zephyr/lib/libc/newlib/liblib__libc__newlib.a(libc-hooks.c.obj)
                0x0000000000006fb0                z_impl_zephyr_read_stdin
 .text.z_impl_zephyr_write_stdout
                0x0000000000006fd8       0x30 zephyr/lib/libc/newlib/liblib__libc__newlib.a(libc-hooks.c.obj)
                0x0000000000006fd8                z_impl_zephyr_write_stdout
 .text._exit    0x0000000000007008       0x10 zephyr/lib/libc/newlib/liblib__libc__newlib.a(libc-hooks.c.obj)
                0x0000000000007008                _exit
 .text._sbrk    0x0000000000007018       0x44 zephyr/lib/libc/newlib/liblib__libc__newlib.a(libc-hooks.c.obj)
                0x0000000000007018                _sbrk
                0x0000000000007018                sbrk
 .text.nordicsemi_nrf52_init
                0x000000000000705c       0x30 zephyr/soc/arm/nordic_nrf/nrf52/libsoc__arm__nordic_nrf__nrf52.a(soc.c.obj)
 .text.arch_busy_wait
                0x000000000000708c       0x14 zephyr/soc/arm/nordic_nrf/nrf52/libsoc__arm__nordic_nrf__nrf52.a(soc.c.obj)
                0x000000000000708c                arch_busy_wait
 .text.bt_hex_real
                0x00000000000070a0       0x44 zephyr/subsys/bluetooth/common/libsubsys__bluetooth__common.a(log.c.obj)
                0x00000000000070a0                bt_hex_real
 .text.bt_addr_le_str_real
                0x00000000000070e4       0x7c zephyr/subsys/bluetooth/common/libsubsys__bluetooth__common.a(log.c.obj)
                0x00000000000070e4                bt_addr_le_str_real
 .text.ecc_thread
                0x0000000000007160      0x1c0 zephyr/subsys/bluetooth/host/libsubsys__bluetooth__host.a(hci_ecc.c.obj)
 .text.bt_hci_ecc_send
                0x0000000000007320      0x110 zephyr/subsys/bluetooth/host/libsubsys__bluetooth__host.a(hci_ecc.c.obj)
                0x0000000000007320                bt_hci_ecc_send
 .text.bt_hci_ecc_init
                0x0000000000007430       0x48 zephyr/subsys/bluetooth/host/libsubsys__bluetooth__host.a(hci_ecc.c.obj)
                0x0000000000007430                bt_hci_ecc_init
 .text.uuid_to_uuid128
                0x0000000000007478       0x78 zephyr/subsys/bluetooth/host/libsubsys__bluetooth__host.a(uuid.c.obj)
 .text.bt_adv_foreach
                0x00000000000074f0        0xc zephyr/subsys/bluetooth/host/libsubsys__bluetooth__host.a(hci_core.c.obj)
 .text.le_dhkey_complete
                0x00000000000074fc       0x20 zephyr/subsys/bluetooth/host/libsubsys__bluetooth__host.a(hci_core.c.obj)
 .text.ver_str  0x000000000000751c       0x38 zephyr/subsys/bluetooth/host/libsubsys__bluetooth__host.a(hci_core.c.obj)
 .text.id_find  0x0000000000007554       0x30 zephyr/subsys/bluetooth/host/libsubsys__bluetooth__host.a(hci_core.c.obj)
 .text.valid_adv_param
                0x0000000000007584       0x70 zephyr/subsys/bluetooth/host/libsubsys__bluetooth__host.a(hci_core.c.obj)
 .text.hci_data_buf_overflow
                0x00000000000075f4       0x24 zephyr/subsys/bluetooth/host/libsubsys__bluetooth__host.a(hci_core.c.obj)
 .text.le_pkey_complete
                0x0000000000007618       0x58 zephyr/subsys/bluetooth/host/libsubsys__bluetooth__host.a(hci_core.c.obj)
 .text.hci_hardware_error
                0x0000000000007670       0x30 zephyr/subsys/bluetooth/host/libsubsys__bluetooth__host.a(hci_core.c.obj)
 .text.le_data_len_change
                0x00000000000076a0       0x3c zephyr/subsys/bluetooth/host/libsubsys__bluetooth__host.a(hci_core.c.obj)
 .text.hci_disconn_complete_prio
                0x00000000000076dc       0x50 zephyr/subsys/bluetooth/host/libsubsys__bluetooth__host.a(hci_core.c.obj)
 .text.hci_vendor_event
                0x000000000000772c       0x38 zephyr/subsys/bluetooth/host/libsubsys__bluetooth__host.a(hci_core.c.obj)
 .text.le_conn_update_complete
                0x0000000000007764       0xb4 zephyr/subsys/bluetooth/host/libsubsys__bluetooth__host.a(hci_core.c.obj)
 .text.le_adv_start_add_conn
                0x0000000000007818       0xac zephyr/subsys/bluetooth/host/libsubsys__bluetooth__host.a(hci_core.c.obj)
 .text.set_data_add
                0x00000000000078c4       0xa8 zephyr/subsys/bluetooth/host/libsubsys__bluetooth__host.a(hci_core.c.obj)
 .text.update_sec_level.part.0
                0x000000000000796c       0x5c zephyr/subsys/bluetooth/host/libsubsys__bluetooth__host.a(hci_core.c.obj)
 .text.find_pending_connect.part.0
                0x00000000000079c8       0x40 zephyr/subsys/bluetooth/host/libsubsys__bluetooth__host.a(hci_core.c.obj)
 .text.handle_event
                0x0000000000007a08       0x84 zephyr/subsys/bluetooth/host/libsubsys__bluetooth__host.a(hci_core.c.obj)
 .text.hci_le_meta_event
                0x0000000000007a8c       0x20 zephyr/subsys/bluetooth/host/libsubsys__bluetooth__host.a(hci_core.c.obj)
 .text.hci_cmd_done
                0x0000000000007aac       0xf8 zephyr/subsys/bluetooth/host/libsubsys__bluetooth__host.a(hci_core.c.obj)
 .text.hci_cmd_status
                0x0000000000007ba4       0x2c zephyr/subsys/bluetooth/host/libsubsys__bluetooth__host.a(hci_core.c.obj)
 .text.hci_cmd_complete
                0x0000000000007bd0       0x30 zephyr/subsys/bluetooth/host/libsubsys__bluetooth__host.a(hci_core.c.obj)
 .text.hci_tx_thread
                0x0000000000007c00      0x188 zephyr/subsys/bluetooth/host/libsubsys__bluetooth__host.a(hci_core.c.obj)
 .text.hci_num_completed_packets
                0x0000000000007d88      0x134 zephyr/subsys/bluetooth/host/libsubsys__bluetooth__host.a(hci_core.c.obj)
 .text.bt_hci_cmd_create
                0x0000000000007ebc       0x74 zephyr/subsys/bluetooth/host/libsubsys__bluetooth__host.a(hci_core.c.obj)
                0x0000000000007ebc                bt_hci_cmd_create
 .text.bt_hci_cmd_send
                0x0000000000007f30       0x64 zephyr/subsys/bluetooth/host/libsubsys__bluetooth__host.a(hci_core.c.obj)
                0x0000000000007f30                bt_hci_cmd_send
 .text.le_ltk_request
                0x0000000000007f94       0xd4 zephyr/subsys/bluetooth/host/libsubsys__bluetooth__host.a(hci_core.c.obj)
 .text.le_conn_param_neg_reply
                0x0000000000008068       0x54 zephyr/subsys/bluetooth/host/libsubsys__bluetooth__host.a(hci_core.c.obj)
 .text.le_conn_param_req
                0x00000000000080bc       0xd0 zephyr/subsys/bluetooth/host/libsubsys__bluetooth__host.a(hci_core.c.obj)
 .text.bt_hci_cmd_send_sync
                0x000000000000818c       0xf4 zephyr/subsys/bluetooth/host/libsubsys__bluetooth__host.a(hci_core.c.obj)
                0x000000000000818c                bt_hci_cmd_send_sync
 .text.hci_le_read_max_data_len
                0x0000000000008280       0x54 zephyr/subsys/bluetooth/host/libsubsys__bluetooth__host.a(hci_core.c.obj)
 .text.set_random_address
                0x00000000000082d4       0x5c zephyr/subsys/bluetooth/host/libsubsys__bluetooth__host.a(hci_core.c.obj)
 .text.set_le_adv_enable_legacy
                0x0000000000008330       0x5c zephyr/subsys/bluetooth/host/libsubsys__bluetooth__host.a(hci_core.c.obj)
 .text.set_le_scan_enable_legacy
                0x000000000000838c       0x78 zephyr/subsys/bluetooth/host/libsubsys__bluetooth__host.a(hci_core.c.obj)
 .text.le_adv_set_random_addr.isra.0
                0x0000000000008404       0xf8 zephyr/subsys/bluetooth/host/libsubsys__bluetooth__host.a(hci_core.c.obj)
 .text.le_adv_update.constprop.0
                0x00000000000084fc       0xe8 zephyr/subsys/bluetooth/host/libsubsys__bluetooth__host.a(hci_core.c.obj)
 .text.start_le_scan_legacy
                0x00000000000085e4       0x8c zephyr/subsys/bluetooth/host/libsubsys__bluetooth__host.a(hci_core.c.obj)
 .text.bt_le_scan_random_addr_check
                0x0000000000008670       0x14 zephyr/subsys/bluetooth/host/libsubsys__bluetooth__host.a(hci_core.c.obj)
                0x0000000000008670                bt_le_scan_random_addr_check
 .text.bt_le_create_conn_legacy
                0x0000000000008684       0xd4 zephyr/subsys/bluetooth/host/libsubsys__bluetooth__host.a(hci_core.c.obj)
                0x0000000000008684                bt_le_create_conn_legacy
 .text.bt_le_create_conn_cancel
                0x0000000000008758       0x48 zephyr/subsys/bluetooth/host/libsubsys__bluetooth__host.a(hci_core.c.obj)
                0x0000000000008758                bt_le_create_conn_cancel
 .text.conn_auto_initiate
                0x00000000000087a0      0x11c zephyr/subsys/bluetooth/host/libsubsys__bluetooth__host.a(hci_core.c.obj)
 .text.le_phy_update_complete
                0x00000000000088bc       0x64 zephyr/subsys/bluetooth/host/libsubsys__bluetooth__host.a(hci_core.c.obj)
 .text.le_remote_feat_complete
                0x0000000000008920       0x68 zephyr/subsys/bluetooth/host/libsubsys__bluetooth__host.a(hci_core.c.obj)
 .text.bt_security_err_get
                0x0000000000008988       0x10 zephyr/subsys/bluetooth/host/libsubsys__bluetooth__host.a(hci_core.c.obj)
                0x0000000000008988                bt_security_err_get
 .text.hci_encrypt_key_refresh_complete
                0x0000000000008998       0x74 zephyr/subsys/bluetooth/host/libsubsys__bluetooth__host.a(hci_core.c.obj)
 .text.hci_encrypt_change
                0x0000000000008a0c       0x7c zephyr/subsys/bluetooth/host/libsubsys__bluetooth__host.a(hci_core.c.obj)
 .text.bt_id_add
                0x0000000000008a88      0x1c4 zephyr/subsys/bluetooth/host/libsubsys__bluetooth__host.a(hci_core.c.obj)
                0x0000000000008a88                bt_id_add
 .text.bt_id_del
                0x0000000000008c4c      0x154 zephyr/subsys/bluetooth/host/libsubsys__bluetooth__host.a(hci_core.c.obj)
                0x0000000000008c4c                bt_id_del
 .text.bt_le_scan_update
                0x0000000000008da0       0x7c zephyr/subsys/bluetooth/host/libsubsys__bluetooth__host.a(hci_core.c.obj)
                0x0000000000008da0                bt_le_scan_update
 .text.hci_disconn_complete
                0x0000000000008e1c       0x78 zephyr/subsys/bluetooth/host/libsubsys__bluetooth__host.a(hci_core.c.obj)
 .text.le_adv_report
                0x0000000000008e94      0x1f4 zephyr/subsys/bluetooth/host/libsubsys__bluetooth__host.a(hci_core.c.obj)
 .text.bt_data_parse
                0x0000000000009088       0x74 zephyr/subsys/bluetooth/host/libsubsys__bluetooth__host.a(hci_core.c.obj)
                0x0000000000009088                bt_data_parse
 .text.id_create.constprop.0
                0x00000000000090fc       0x54 zephyr/subsys/bluetooth/host/libsubsys__bluetooth__host.a(hci_core.c.obj)
 .text.hci_event_prio
                0x0000000000009150       0xa4 zephyr/subsys/bluetooth/host/libsubsys__bluetooth__host.a(hci_core.c.obj)
                0x0000000000009150                hci_event_prio
 .text.bt_recv  0x00000000000091f4      0x148 zephyr/subsys/bluetooth/host/libsubsys__bluetooth__host.a(hci_core.c.obj)
                0x00000000000091f4                bt_recv
 .text.bt_recv_prio
                0x000000000000933c       0x3c zephyr/subsys/bluetooth/host/libsubsys__bluetooth__host.a(hci_core.c.obj)
                0x000000000000933c                bt_recv_prio
 .text.bt_hci_driver_register
                0x0000000000009378       0x28 zephyr/subsys/bluetooth/host/libsubsys__bluetooth__host.a(hci_core.c.obj)
                0x0000000000009378                bt_hci_driver_register
 .text.bt_finalize_init
                0x00000000000093a0       0xe0 zephyr/subsys/bluetooth/host/libsubsys__bluetooth__host.a(hci_core.c.obj)
                0x00000000000093a0                bt_finalize_init
 .text.bt_get_name
                0x0000000000009480        0x8 zephyr/subsys/bluetooth/host/libsubsys__bluetooth__host.a(hci_core.c.obj)
                0x0000000000009480                bt_get_name
 .text.bt_id_create
                0x0000000000009488       0x88 zephyr/subsys/bluetooth/host/libsubsys__bluetooth__host.a(hci_core.c.obj)
                0x0000000000009488                bt_id_create
 .text.bt_setup_public_id_addr
                0x0000000000009510       0xac zephyr/subsys/bluetooth/host/libsubsys__bluetooth__host.a(hci_core.c.obj)
                0x0000000000009510                bt_setup_public_id_addr
 .text.bt_read_static_addr
                0x00000000000095bc       0xb8 zephyr/subsys/bluetooth/host/libsubsys__bluetooth__host.a(hci_core.c.obj)
                0x00000000000095bc                bt_read_static_addr
 .text.bt_setup_random_id_addr
                0x0000000000009674       0x58 zephyr/subsys/bluetooth/host/libsubsys__bluetooth__host.a(hci_core.c.obj)
                0x0000000000009674                bt_setup_random_id_addr
 .text.init_work
                0x00000000000096cc       0x18 zephyr/subsys/bluetooth/host/libsubsys__bluetooth__host.a(hci_core.c.obj)
 .text.bt_enable
                0x00000000000096e4       0xec zephyr/subsys/bluetooth/host/libsubsys__bluetooth__host.a(hci_core.c.obj)
                0x00000000000096e4                bt_enable
 .text.bt_le_adv_start_legacy
                0x00000000000097d0      0x23c zephyr/subsys/bluetooth/host/libsubsys__bluetooth__host.a(hci_core.c.obj)
                0x00000000000097d0                bt_le_adv_start_legacy
 .text.bt_le_adv_stop
                0x0000000000009a0c       0xbc zephyr/subsys/bluetooth/host/libsubsys__bluetooth__host.a(hci_core.c.obj)
                0x0000000000009a0c                bt_le_adv_stop
 .text.bt_le_adv_resume
                0x0000000000009ac8       0x6c zephyr/subsys/bluetooth/host/libsubsys__bluetooth__host.a(hci_core.c.obj)
                0x0000000000009ac8                bt_le_adv_resume
 .text.enh_conn_complete
                0x0000000000009b34      0x270 zephyr/subsys/bluetooth/host/libsubsys__bluetooth__host.a(hci_core.c.obj)
 .text.bt_le_scan_start
                0x0000000000009da4       0xbc zephyr/subsys/bluetooth/host/libsubsys__bluetooth__host.a(hci_core.c.obj)
                0x0000000000009da4                bt_le_scan_start
 .text.bt_le_scan_stop
                0x0000000000009e60       0x2c zephyr/subsys/bluetooth/host/libsubsys__bluetooth__host.a(hci_core.c.obj)
                0x0000000000009e60                bt_le_scan_stop
 .text.bt_buf_get_rx
                0x0000000000009e8c       0x20 zephyr/subsys/bluetooth/host/libsubsys__bluetooth__host.a(hci_core.c.obj)
                0x0000000000009e8c                bt_buf_get_rx
 .text.bt_buf_get_cmd_complete
                0x0000000000009eac       0x4c zephyr/subsys/bluetooth/host/libsubsys__bluetooth__host.a(hci_core.c.obj)
                0x0000000000009eac                bt_buf_get_cmd_complete
 .text.bt_buf_get_evt
                0x0000000000009ef8       0x54 zephyr/subsys/bluetooth/host/libsubsys__bluetooth__host.a(hci_core.c.obj)
                0x0000000000009ef8                bt_buf_get_evt
 .text.bt_pub_key_gen
                0x0000000000009f4c       0xa0 zephyr/subsys/bluetooth/host/libsubsys__bluetooth__host.a(hci_core.c.obj)
                0x0000000000009f4c                bt_pub_key_gen
 .text.bt_pub_key_get
                0x0000000000009fec       0x1c zephyr/subsys/bluetooth/host/libsubsys__bluetooth__host.a(hci_core.c.obj)
                0x0000000000009fec                bt_pub_key_get
 .text.bt_dh_key_gen
                0x000000000000a008       0x7c zephyr/subsys/bluetooth/host/libsubsys__bluetooth__host.a(hci_core.c.obj)
                0x000000000000a008                bt_dh_key_gen
 .text.tx_free  0x000000000000a084       0x14 zephyr/subsys/bluetooth/host/libsubsys__bluetooth__host.a(conn.c.obj)
 .text.notify_connected
                0x000000000000a098       0x2c zephyr/subsys/bluetooth/host/libsubsys__bluetooth__host.a(conn.c.obj)
 .text.send_frag
                0x000000000000a0c4      0x134 zephyr/subsys/bluetooth/host/libsubsys__bluetooth__host.a(conn.c.obj)
 .text.bt_conn_get_pkts
                0x000000000000a1f8        0x8 zephyr/subsys/bluetooth/host/libsubsys__bluetooth__host.a(conn.c.obj)
                0x000000000000a1f8                bt_conn_get_pkts
 .text.notify_le_param_updated
                0x000000000000a200       0x5c zephyr/subsys/bluetooth/host/libsubsys__bluetooth__host.a(conn.c.obj)
                0x000000000000a200                notify_le_param_updated
 .text.le_param_req
                0x000000000000a25c       0x40 zephyr/subsys/bluetooth/host/libsubsys__bluetooth__host.a(conn.c.obj)
                0x000000000000a25c                le_param_req
 .text.bt_conn_identity_resolved
                0x000000000000a29c       0x34 zephyr/subsys/bluetooth/host/libsubsys__bluetooth__host.a(conn.c.obj)
                0x000000000000a29c                bt_conn_identity_resolved
 .text.bt_conn_security_changed
                0x000000000000a2d0       0x2c zephyr/subsys/bluetooth/host/libsubsys__bluetooth__host.a(conn.c.obj)
                0x000000000000a2d0                bt_conn_security_changed
 .text.bt_conn_cb_register
                0x000000000000a2fc       0x10 zephyr/subsys/bluetooth/host/libsubsys__bluetooth__host.a(conn.c.obj)
                0x000000000000a2fc                bt_conn_cb_register
 .text.conn_cleanup
                0x000000000000a30c       0x44 zephyr/subsys/bluetooth/host/libsubsys__bluetooth__host.a(conn.c.obj)
 .text.bt_conn_recv
                0x000000000000a350      0x134 zephyr/subsys/bluetooth/host/libsubsys__bluetooth__host.a(conn.c.obj)
                0x000000000000a350                bt_conn_recv
 .text.bt_conn_send_cb
                0x000000000000a484       0xd8 zephyr/subsys/bluetooth/host/libsubsys__bluetooth__host.a(conn.c.obj)
                0x000000000000a484                bt_conn_send_cb
 .text.bt_conn_prepare_events
                0x000000000000a55c       0x68 zephyr/subsys/bluetooth/host/libsubsys__bluetooth__host.a(conn.c.obj)
                0x000000000000a55c                bt_conn_prepare_events
 .text.bt_conn_add_le
                0x000000000000a5c4       0x54 zephyr/subsys/bluetooth/host/libsubsys__bluetooth__host.a(conn.c.obj)
                0x000000000000a5c4                bt_conn_add_le
 .text.bt_conn_lookup_handle
                0x000000000000a618       0x10 zephyr/subsys/bluetooth/host/libsubsys__bluetooth__host.a(conn.c.obj)
                0x000000000000a618                bt_conn_lookup_handle
 .text.bt_conn_lookup_addr_le
                0x000000000000a628       0x38 zephyr/subsys/bluetooth/host/libsubsys__bluetooth__host.a(conn.c.obj)
                0x000000000000a628                bt_conn_lookup_addr_le
 .text.bt_conn_lookup_state_le
                0x000000000000a660       0x4c zephyr/subsys/bluetooth/host/libsubsys__bluetooth__host.a(conn.c.obj)
                0x000000000000a660                bt_conn_lookup_state_le
 .text.bt_conn_exists_le
                0x000000000000a6ac       0x4c zephyr/subsys/bluetooth/host/libsubsys__bluetooth__host.a(conn.c.obj)
                0x000000000000a6ac                bt_conn_exists_le
 .text.conn_update_timeout
                0x000000000000a6f8       0x60 zephyr/subsys/bluetooth/host/libsubsys__bluetooth__host.a(conn.c.obj)
 .text.bt_conn_set_state
                0x000000000000a758      0x208 zephyr/subsys/bluetooth/host/libsubsys__bluetooth__host.a(conn.c.obj)
                0x000000000000a758                bt_conn_set_state
 .text.bt_conn_le_create
                0x000000000000a960      0x14c zephyr/subsys/bluetooth/host/libsubsys__bluetooth__host.a(conn.c.obj)
                0x000000000000a960                bt_conn_le_create
 .text.bt_le_set_auto_conn
                0x000000000000aaac       0xcc zephyr/subsys/bluetooth/host/libsubsys__bluetooth__host.a(conn.c.obj)
                0x000000000000aaac                bt_le_set_auto_conn
 .text.bt_conn_disconnect
                0x000000000000ab78       0xa0 zephyr/subsys/bluetooth/host/libsubsys__bluetooth__host.a(conn.c.obj)
                0x000000000000ab78                bt_conn_disconnect
 .text.bt_conn_create_pdu_timeout
                0x000000000000ac18       0x48 zephyr/subsys/bluetooth/host/libsubsys__bluetooth__host.a(conn.c.obj)
                0x000000000000ac18                bt_conn_create_pdu_timeout
 .text.bt_conn_create_frag_timeout
                0x000000000000ac60        0xc zephyr/subsys/bluetooth/host/libsubsys__bluetooth__host.a(conn.c.obj)
                0x000000000000ac60                bt_conn_create_frag_timeout
 .text.create_frag
                0x000000000000ac6c       0x6c zephyr/subsys/bluetooth/host/libsubsys__bluetooth__host.a(conn.c.obj)
 .text.bt_conn_process_tx
                0x000000000000acd8       0xc0 zephyr/subsys/bluetooth/host/libsubsys__bluetooth__host.a(conn.c.obj)
                0x000000000000acd8                bt_conn_process_tx
 .text.bt_conn_auth_cb_register
                0x000000000000ad98       0x38 zephyr/subsys/bluetooth/host/libsubsys__bluetooth__host.a(conn.c.obj)
                0x000000000000ad98                bt_conn_auth_cb_register
 .text.bt_conn_index
                0x000000000000add0       0x18 zephyr/subsys/bluetooth/host/libsubsys__bluetooth__host.a(conn.c.obj)
                0x000000000000add0                bt_conn_index
 .text.bt_conn_init
                0x000000000000ade8       0x64 zephyr/subsys/bluetooth/host/libsubsys__bluetooth__host.a(conn.c.obj)
                0x000000000000ade8                bt_conn_init
 .text.l2cap_accept
                0x000000000000ae4c       0x44 zephyr/subsys/bluetooth/host/libsubsys__bluetooth__host.a(l2cap.c.obj)
 .text.l2cap_create_le_sig_pdu.constprop.0
                0x000000000000ae90       0x50 zephyr/subsys/bluetooth/host/libsubsys__bluetooth__host.a(l2cap.c.obj)
 .text.l2cap_rtx_timeout
                0x000000000000aee0       0x3c zephyr/subsys/bluetooth/host/libsubsys__bluetooth__host.a(l2cap.c.obj)
 .text.bt_l2cap_connected
                0x000000000000af1c       0xb8 zephyr/subsys/bluetooth/host/libsubsys__bluetooth__host.a(l2cap.c.obj)
                0x000000000000af1c                bt_l2cap_connected
 .text.l2cap_recv
                0x000000000000afd4      0x164 zephyr/subsys/bluetooth/host/libsubsys__bluetooth__host.a(l2cap.c.obj)
 .text.bt_l2cap_recv
                0x000000000000b138       0x70 zephyr/subsys/bluetooth/host/libsubsys__bluetooth__host.a(l2cap.c.obj)
                0x000000000000b138                bt_l2cap_recv
 .text.bt_l2cap_update_conn_param
                0x000000000000b1a8       0x5c zephyr/subsys/bluetooth/host/libsubsys__bluetooth__host.a(l2cap.c.obj)
                0x000000000000b1a8                bt_l2cap_update_conn_param
 .text.att_cfm_sent
                0x000000000000b204       0x10 zephyr/subsys/bluetooth/host/libsubsys__bluetooth__host.a(att.c.obj)
 .text.att_rsp_sent
                0x000000000000b214       0x10 zephyr/subsys/bluetooth/host/libsubsys__bluetooth__host.a(att.c.obj)
 .text.att_req_sent
                0x000000000000b224       0x10 zephyr/subsys/bluetooth/host/libsubsys__bluetooth__host.a(att.c.obj)
 .text.att_get  0x000000000000b234       0x80 zephyr/subsys/bluetooth/host/libsubsys__bluetooth__host.a(att.c.obj)
 .text.bt_att_released
                0x000000000000b2b4       0x18 zephyr/subsys/bluetooth/host/libsubsys__bluetooth__host.a(att.c.obj)
 .text.read_group_cb
                0x000000000000b2cc       0xac zephyr/subsys/bluetooth/host/libsubsys__bluetooth__host.a(att.c.obj)
 .text.find_type_cb
                0x000000000000b378      0x164 zephyr/subsys/bluetooth/host/libsubsys__bluetooth__host.a(att.c.obj)
 .text.chan_req_sent
                0x000000000000b4dc       0x1c zephyr/subsys/bluetooth/host/libsubsys__bluetooth__host.a(att.c.obj)
 .text.bt_att_accept
                0x000000000000b4f8       0xd8 zephyr/subsys/bluetooth/host/libsubsys__bluetooth__host.a(att.c.obj)
 .text.chan_cb.isra.0
                0x000000000000b5d0       0x20 zephyr/subsys/bluetooth/host/libsubsys__bluetooth__host.a(att.c.obj)
 .text.chan_send
                0x000000000000b5f0       0xd4 zephyr/subsys/bluetooth/host/libsubsys__bluetooth__host.a(att.c.obj)
 .text.read_type_cb
                0x000000000000b6c4       0xa8 zephyr/subsys/bluetooth/host/libsubsys__bluetooth__host.a(att.c.obj)
 .text.bt_att_connected
                0x000000000000b76c       0x5c zephyr/subsys/bluetooth/host/libsubsys__bluetooth__host.a(att.c.obj)
 .text.bt_att_chan_create_pdu
                0x000000000000b7c8       0x88 zephyr/subsys/bluetooth/host/libsubsys__bluetooth__host.a(att.c.obj)
                0x000000000000b7c8                bt_att_chan_create_pdu
 .text.att_indicate
                0x000000000000b850       0x3c zephyr/subsys/bluetooth/host/libsubsys__bluetooth__host.a(att.c.obj)
 .text.send_err_rsp.part.0
                0x000000000000b88c       0x40 zephyr/subsys/bluetooth/host/libsubsys__bluetooth__host.a(att.c.obj)
 .text.bt_att_recv
                0x000000000000b8cc      0x158 zephyr/subsys/bluetooth/host/libsubsys__bluetooth__host.a(att.c.obj)
 .text.att_write_rsp.constprop.0
                0x000000000000ba24       0xc8 zephyr/subsys/bluetooth/host/libsubsys__bluetooth__host.a(att.c.obj)
 .text.bt_att_create_pdu
                0x000000000000baec       0x70 zephyr/subsys/bluetooth/host/libsubsys__bluetooth__host.a(att.c.obj)
                0x000000000000baec                bt_att_create_pdu
 .text.att_read_group_req
                0x000000000000bb5c      0x108 zephyr/subsys/bluetooth/host/libsubsys__bluetooth__host.a(att.c.obj)
 .text.att_read_mult_req
                0x000000000000bc64       0x8c zephyr/subsys/bluetooth/host/libsubsys__bluetooth__host.a(att.c.obj)
 .text.att_read_rsp
                0x000000000000bcf0       0x98 zephyr/subsys/bluetooth/host/libsubsys__bluetooth__host.a(att.c.obj)
 .text.att_read_type_req
                0x000000000000bd88       0xc8 zephyr/subsys/bluetooth/host/libsubsys__bluetooth__host.a(att.c.obj)
 .text.att_find_type_req
                0x000000000000be50       0xdc zephyr/subsys/bluetooth/host/libsubsys__bluetooth__host.a(att.c.obj)
 .text.att_find_info_req
                0x000000000000bf2c       0x78 zephyr/subsys/bluetooth/host/libsubsys__bluetooth__host.a(att.c.obj)
 .text.att_mtu_req
                0x000000000000bfa4       0x6c zephyr/subsys/bluetooth/host/libsubsys__bluetooth__host.a(att.c.obj)
 .text.bt_att_req_alloc
                0x000000000000c010       0x2c zephyr/subsys/bluetooth/host/libsubsys__bluetooth__host.a(att.c.obj)
                0x000000000000c010                bt_att_req_alloc
 .text.bt_att_req_free
                0x000000000000c03c       0x18 zephyr/subsys/bluetooth/host/libsubsys__bluetooth__host.a(att.c.obj)
                0x000000000000c03c                bt_att_req_free
 .text.att_handle_rsp
                0x000000000000c054       0xf4 zephyr/subsys/bluetooth/host/libsubsys__bluetooth__host.a(att.c.obj)
 .text.att_error_rsp
                0x000000000000c148       0x78 zephyr/subsys/bluetooth/host/libsubsys__bluetooth__host.a(att.c.obj)
 .text.att_reset
                0x000000000000c1c0       0x54 zephyr/subsys/bluetooth/host/libsubsys__bluetooth__host.a(att.c.obj)
 .text.att_timeout
                0x000000000000c214       0x48 zephyr/subsys/bluetooth/host/libsubsys__bluetooth__host.a(att.c.obj)
 .text.bt_att_req_cancel
                0x000000000000c25c       0x64 zephyr/subsys/bluetooth/host/libsubsys__bluetooth__host.a(att.c.obj)
                0x000000000000c25c                bt_att_req_cancel
 .text.find_cf_cfg
                0x000000000000c2c0       0x5c zephyr/subsys/bluetooth/host/libsubsys__bluetooth__host.a(gatt.c.obj)
 .text.find_sc_cfg
                0x000000000000c31c       0x40 zephyr/subsys/bluetooth/host/libsubsys__bluetooth__host.a(gatt.c.obj)
 .text.gatt_sub_find
                0x000000000000c35c       0x5c zephyr/subsys/bluetooth/host/libsubsys__bluetooth__host.a(gatt.c.obj)
 .text.bt_gatt_attr_write_ccc
                0x000000000000c3b8       0xcc zephyr/subsys/bluetooth/host/libsubsys__bluetooth__host.a(gatt.c.obj)
                0x000000000000c3b8                bt_gatt_attr_write_ccc
 .text.gatt_notify
                0x000000000000c484       0x74 zephyr/subsys/bluetooth/host/libsubsys__bluetooth__host.a(gatt.c.obj)
 .text.gatt_send.constprop.0
                0x000000000000c4f8       0x78 zephyr/subsys/bluetooth/host/libsubsys__bluetooth__host.a(gatt.c.obj)
 .text.gatt_indicate
                0x000000000000c570       0x80 zephyr/subsys/bluetooth/host/libsubsys__bluetooth__host.a(gatt.c.obj)
 .text.sc_save  0x000000000000c5f0       0x70 zephyr/subsys/bluetooth/host/libsubsys__bluetooth__host.a(gatt.c.obj)
 .text.notify_cb
                0x000000000000c660       0xec zephyr/subsys/bluetooth/host/libsubsys__bluetooth__host.a(gatt.c.obj)
 .text.cf_write
                0x000000000000c74c       0xc8 zephyr/subsys/bluetooth/host/libsubsys__bluetooth__host.a(gatt.c.obj)
 .text.sc_indicate_rsp
                0x000000000000c814       0x58 zephyr/subsys/bluetooth/host/libsubsys__bluetooth__host.a(gatt.c.obj)
 .text.gatt_write_ccc.constprop.0
                0x000000000000c86c       0x58 zephyr/subsys/bluetooth/host/libsubsys__bluetooth__host.a(gatt.c.obj)
 .text.disconnected_cb
                0x000000000000c8c4       0xb8 zephyr/subsys/bluetooth/host/libsubsys__bluetooth__host.a(gatt.c.obj)
 .text.bt_gatt_init
                0x000000000000c97c       0x88 zephyr/subsys/bluetooth/host/libsubsys__bluetooth__host.a(gatt.c.obj)
                0x000000000000c97c                bt_gatt_init
 .text.bt_gatt_attr_get_handle
                0x000000000000ca04       0x60 zephyr/subsys/bluetooth/host/libsubsys__bluetooth__host.a(gatt.c.obj)
                0x000000000000ca04                bt_gatt_attr_get_handle
 .text.bt_gatt_attr_value_handle
                0x000000000000ca64       0x28 zephyr/subsys/bluetooth/host/libsubsys__bluetooth__host.a(gatt.c.obj)
                0x000000000000ca64                bt_gatt_attr_value_handle
 .text.bt_gatt_foreach_attr_type
                0x000000000000ca8c       0xb4 zephyr/subsys/bluetooth/host/libsubsys__bluetooth__host.a(gatt.c.obj)
                0x000000000000ca8c                bt_gatt_foreach_attr_type
 .text.db_hash_gen.constprop.0
                0x000000000000cb40       0x90 zephyr/subsys/bluetooth/host/libsubsys__bluetooth__host.a(gatt.c.obj)
 .text.bt_gatt_notify_cb
                0x000000000000cbd0       0xe8 zephyr/subsys/bluetooth/host/libsubsys__bluetooth__host.a(gatt.c.obj)
                0x000000000000cbd0                bt_gatt_notify_cb
 .text.bt_gatt_indicate
                0x000000000000ccb8       0xe8 zephyr/subsys/bluetooth/host/libsubsys__bluetooth__host.a(gatt.c.obj)
                0x000000000000ccb8                bt_gatt_indicate
 .text.sc_process
                0x000000000000cda0       0x70 zephyr/subsys/bluetooth/host/libsubsys__bluetooth__host.a(gatt.c.obj)
 .text.update_ccc
                0x000000000000ce10      0x128 zephyr/subsys/bluetooth/host/libsubsys__bluetooth__host.a(gatt.c.obj)
 .text.bt_gatt_discover
                0x000000000000cf38      0x1f4 zephyr/subsys/bluetooth/host/libsubsys__bluetooth__host.a(gatt.c.obj)
                0x000000000000cf38                bt_gatt_discover
 .text.gatt_read_group_rsp
                0x000000000000d12c      0x120 zephyr/subsys/bluetooth/host/libsubsys__bluetooth__host.a(gatt.c.obj)
 .text.gatt_read_type_rsp
                0x000000000000d24c      0x244 zephyr/subsys/bluetooth/host/libsubsys__bluetooth__host.a(gatt.c.obj)
 .text.read_included_uuid_cb
                0x000000000000d490       0xb8 zephyr/subsys/bluetooth/host/libsubsys__bluetooth__host.a(gatt.c.obj)
 .text.gatt_find_info_rsp
                0x000000000000d548      0x16c zephyr/subsys/bluetooth/host/libsubsys__bluetooth__host.a(gatt.c.obj)
 .text.bt_gatt_mult_notification
                0x000000000000d6b4       0xbc zephyr/subsys/bluetooth/host/libsubsys__bluetooth__host.a(gatt.c.obj)
                0x000000000000d6b4                bt_gatt_mult_notification
 .text.bt_gatt_connected
                0x000000000000d770       0x7c zephyr/subsys/bluetooth/host/libsubsys__bluetooth__host.a(gatt.c.obj)
                0x000000000000d770                bt_gatt_connected
 .text.bt_gatt_encrypt_change
                0x000000000000d7ec       0x20 zephyr/subsys/bluetooth/host/libsubsys__bluetooth__host.a(gatt.c.obj)
                0x000000000000d7ec                bt_gatt_encrypt_change
 .text.db_hash_read
                0x000000000000d80c       0x40 zephyr/subsys/bluetooth/host/libsubsys__bluetooth__host.a(gatt.c.obj)
 .text.bt_gatt_disconnected
                0x000000000000d84c       0xd4 zephyr/subsys/bluetooth/host/libsubsys__bluetooth__host.a(gatt.c.obj)
                0x000000000000d84c                bt_gatt_disconnected
 .text.get_io_capa
                0x000000000000d920       0x4c zephyr/subsys/bluetooth/host/libsubsys__bluetooth__host.a(smp.c.obj)
 .text.smp_g2   0x000000000000d96c       0x5c zephyr/subsys/bluetooth/host/libsubsys__bluetooth__host.a(smp.c.obj)
 .text.smp_chan_get
                0x000000000000d9c8       0x30 zephyr/subsys/bluetooth/host/libsubsys__bluetooth__host.a(smp.c.obj)
 .text.bt_smp_accept
                0x000000000000d9f8       0x44 zephyr/subsys/bluetooth/host/libsubsys__bluetooth__host.a(smp.c.obj)
 .text.get_auth.constprop.0
                0x000000000000da3c       0x3c zephyr/subsys/bluetooth/host/libsubsys__bluetooth__host.a(smp.c.obj)
 .text.smp_f5   0x000000000000da78       0xd0 zephyr/subsys/bluetooth/host/libsubsys__bluetooth__host.a(smp.c.obj)
 .text.sc_smp_check_confirm
                0x000000000000db48       0x68 zephyr/subsys/bluetooth/host/libsubsys__bluetooth__host.a(smp.c.obj)
 .text.smp_send.constprop.0
                0x000000000000dbb0       0x30 zephyr/subsys/bluetooth/host/libsubsys__bluetooth__host.a(smp.c.obj)
 .text.sec_level_reachable.isra.0
                0x000000000000dbe0       0x60 zephyr/subsys/bluetooth/host/libsubsys__bluetooth__host.a(smp.c.obj)
 .text.get_pair_method
                0x000000000000dc40       0xa0 zephyr/subsys/bluetooth/host/libsubsys__bluetooth__host.a(smp.c.obj)
 .text.display_passkey
                0x000000000000dce0       0x58 zephyr/subsys/bluetooth/host/libsubsys__bluetooth__host.a(smp.c.obj)
 .text.smp_init
                0x000000000000dd38       0x3c zephyr/subsys/bluetooth/host/libsubsys__bluetooth__host.a(smp.c.obj)
 .text.smp_ident_info
                0x000000000000dd74       0x7c zephyr/subsys/bluetooth/host/libsubsys__bluetooth__host.a(smp.c.obj)
 .text.smp_encrypt_info
                0x000000000000ddf0       0x7c zephyr/subsys/bluetooth/host/libsubsys__bluetooth__host.a(smp.c.obj)
 .text.legacy_request_tk
                0x000000000000de6c      0x114 zephyr/subsys/bluetooth/host/libsubsys__bluetooth__host.a(smp.c.obj)
 .text.bt_smp_distribute_keys
                0x000000000000df80      0x150 zephyr/subsys/bluetooth/host/libsubsys__bluetooth__host.a(smp.c.obj)
 .text.smp_send_pairing_req
                0x000000000000e0d0      0x108 zephyr/subsys/bluetooth/host/libsubsys__bluetooth__host.a(smp.c.obj)
 .text.smp_security_request
                0x000000000000e1d8      0x104 zephyr/subsys/bluetooth/host/libsubsys__bluetooth__host.a(smp.c.obj)
 .text.smp_send_pairing_confirm
                0x000000000000e2dc       0x80 zephyr/subsys/bluetooth/host/libsubsys__bluetooth__host.a(smp.c.obj)
 .text.smp_pairing_req
                0x000000000000e35c      0x1d8 zephyr/subsys/bluetooth/host/libsubsys__bluetooth__host.a(smp.c.obj)
 .text.sc_send_public_key
                0x000000000000e534       0x58 zephyr/subsys/bluetooth/host/libsubsys__bluetooth__host.a(smp.c.obj)
 .text.smp_public_key_slave
                0x000000000000e58c       0x94 zephyr/subsys/bluetooth/host/libsubsys__bluetooth__host.a(smp.c.obj)
 .text.smp_pairing_complete
                0x000000000000e620       0xa0 zephyr/subsys/bluetooth/host/libsubsys__bluetooth__host.a(smp.c.obj)
 .text.bt_smp_dhkey_ready
                0x000000000000e6c0       0x84 zephyr/subsys/bluetooth/host/libsubsys__bluetooth__host.a(smp.c.obj)
 .text.bt_smp_recv
                0x000000000000e744      0x100 zephyr/subsys/bluetooth/host/libsubsys__bluetooth__host.a(smp.c.obj)
 .text.bt_smp_pkey_ready
                0x000000000000e844       0x9c zephyr/subsys/bluetooth/host/libsubsys__bluetooth__host.a(smp.c.obj)
 .text.smp_timeout
                0x000000000000e8e0       0x3c zephyr/subsys/bluetooth/host/libsubsys__bluetooth__host.a(smp.c.obj)
 .text.smp_pairing_failed
                0x000000000000e91c       0x68 zephyr/subsys/bluetooth/host/libsubsys__bluetooth__host.a(smp.c.obj)
 .text.smp_master_ident
                0x000000000000e984       0xbc zephyr/subsys/bluetooth/host/libsubsys__bluetooth__host.a(smp.c.obj)
 .text.bt_smp_connected
                0x000000000000ea40       0x1c zephyr/subsys/bluetooth/host/libsubsys__bluetooth__host.a(smp.c.obj)
 .text.smp_ident_addr_info
                0x000000000000ea5c      0x150 zephyr/subsys/bluetooth/host/libsubsys__bluetooth__host.a(smp.c.obj)
 .text.smp_public_key
                0x000000000000ebac      0x184 zephyr/subsys/bluetooth/host/libsubsys__bluetooth__host.a(smp.c.obj)
 .text.smp_pairing_rsp
                0x000000000000ed30      0x184 zephyr/subsys/bluetooth/host/libsubsys__bluetooth__host.a(smp.c.obj)
 .text.smp_pairing_random
                0x000000000000eeb4      0x2e8 zephyr/subsys/bluetooth/host/libsubsys__bluetooth__host.a(smp.c.obj)
 .text.bt_smp_update_keys
                0x000000000000f19c      0x11c zephyr/subsys/bluetooth/host/libsubsys__bluetooth__host.a(smp.c.obj)
                0x000000000000f19c                bt_smp_update_keys
 .text.bt_smp_init
                0x000000000000f2b8       0x2c zephyr/subsys/bluetooth/host/libsubsys__bluetooth__host.a(smp.c.obj)
                0x000000000000f2b8                bt_smp_init
 .text.bt_keys_get_addr
                0x000000000000f2e4       0x60 zephyr/subsys/bluetooth/host/libsubsys__bluetooth__host.a(keys.c.obj)
                0x000000000000f2e4                bt_keys_get_addr
 .text.bt_keys_foreach
                0x000000000000f344       0x1c zephyr/subsys/bluetooth/host/libsubsys__bluetooth__host.a(keys.c.obj)
                0x000000000000f344                bt_keys_foreach
 .text.bt_keys_find
                0x000000000000f360       0x2c zephyr/subsys/bluetooth/host/libsubsys__bluetooth__host.a(keys.c.obj)
                0x000000000000f360                bt_keys_find
 .text.bt_keys_find_irk
                0x000000000000f38c       0x74 zephyr/subsys/bluetooth/host/libsubsys__bluetooth__host.a(keys.c.obj)
                0x000000000000f38c                bt_keys_find_irk
 .text.bt_keys_find_addr
                0x000000000000f400       0x20 zephyr/subsys/bluetooth/host/libsubsys__bluetooth__host.a(keys.c.obj)
                0x000000000000f400                bt_keys_find_addr
 .text.mem_init
                0x000000000000f420       0x48 zephyr/subsys/bluetooth/controller/libsubsys__bluetooth__controller.a(mem.c.obj)
                0x000000000000f420                mem_init
 .text.mem_acquire
                0x000000000000f468       0x2c zephyr/subsys/bluetooth/controller/libsubsys__bluetooth__controller.a(mem.c.obj)
                0x000000000000f468                mem_acquire
 .text.mem_release
                0x000000000000f494       0x30 zephyr/subsys/bluetooth/controller/libsubsys__bluetooth__controller.a(mem.c.obj)
                0x000000000000f494                mem_release
 .text.mem_get  0x000000000000f4c4        0x8 zephyr/subsys/bluetooth/controller/libsubsys__bluetooth__controller.a(mem.c.obj)
                0x000000000000f4c4                mem_get
 .text.mem_index_get
                0x000000000000f4cc        0xc zephyr/subsys/bluetooth/controller/libsubsys__bluetooth__controller.a(mem.c.obj)
                0x000000000000f4cc                mem_index_get
 .text.mem_rcopy
                0x000000000000f4d8       0x1c zephyr/subsys/bluetooth/controller/libsubsys__bluetooth__controller.a(mem.c.obj)
                0x000000000000f4d8                mem_rcopy
 .text.mem_nz   0x000000000000f4f4       0x18 zephyr/subsys/bluetooth/controller/libsubsys__bluetooth__controller.a(mem.c.obj)
                0x000000000000f4f4                mem_nz
 .text.memq_init
                0x000000000000f50c        0x8 zephyr/subsys/bluetooth/controller/libsubsys__bluetooth__controller.a(memq.c.obj)
                0x000000000000f50c                memq_init
 .text.memq_deinit
                0x000000000000f514       0x14 zephyr/subsys/bluetooth/controller/libsubsys__bluetooth__controller.a(memq.c.obj)
                0x000000000000f514                memq_deinit
 .text.memq_enqueue
                0x000000000000f528       0x14 zephyr/subsys/bluetooth/controller/libsubsys__bluetooth__controller.a(memq.c.obj)
                0x000000000000f528                memq_enqueue
 .text.memq_peek
                0x000000000000f53c       0x10 zephyr/subsys/bluetooth/controller/libsubsys__bluetooth__controller.a(memq.c.obj)
                0x000000000000f53c                memq_peek
 .text.memq_dequeue
                0x000000000000f54c       0x20 zephyr/subsys/bluetooth/controller/libsubsys__bluetooth__controller.a(memq.c.obj)
                0x000000000000f54c                memq_dequeue
 .text.mayfly_init
                0x000000000000f56c       0x40 zephyr/subsys/bluetooth/controller/libsubsys__bluetooth__controller.a(mayfly.c.obj)
                0x000000000000f56c                mayfly_init
 .text.mayfly_enable
                0x000000000000f5ac       0x64 zephyr/subsys/bluetooth/controller/libsubsys__bluetooth__controller.a(mayfly.c.obj)
                0x000000000000f5ac                mayfly_enable
 .text.mayfly_enqueue
                0x000000000000f610       0xa8 zephyr/subsys/bluetooth/controller/libsubsys__bluetooth__controller.a(mayfly.c.obj)
                0x000000000000f610                mayfly_enqueue
 .text.mayfly_run
                0x000000000000f6b8      0x148 zephyr/subsys/bluetooth/controller/libsubsys__bluetooth__controller.a(mayfly.c.obj)
                0x000000000000f6b8                mayfly_run
 .text.util_ones_count_get
                0x000000000000f800       0x30 zephyr/subsys/bluetooth/controller/libsubsys__bluetooth__controller.a(util.c.obj)
                0x000000000000f800                util_ones_count_get
 .text.util_aa_le32
                0x000000000000f830      0x29c zephyr/subsys/bluetooth/controller/libsubsys__bluetooth__controller.a(util.c.obj)
                0x000000000000f830                util_aa_le32
 .text.ticks_to_expire_prep
                0x000000000000facc       0x48 zephyr/subsys/bluetooth/controller/libsubsys__bluetooth__controller.a(ticker.c.obj)
 .text.ticker_job_list_insert
                0x000000000000fb14      0x1f4 zephyr/subsys/bluetooth/controller/libsubsys__bluetooth__controller.a(ticker.c.obj)
 .text.ticker_worker
                0x000000000000fd08      0x2d4 zephyr/subsys/bluetooth/controller/libsubsys__bluetooth__controller.a(ticker.c.obj)
                0x000000000000fd08                ticker_worker
 .text.ticker_job
                0x000000000000ffdc      0xa20 zephyr/subsys/bluetooth/controller/libsubsys__bluetooth__controller.a(ticker.c.obj)
                0x000000000000ffdc                ticker_job
 .text.ticker_init
                0x00000000000109fc       0x88 zephyr/subsys/bluetooth/controller/libsubsys__bluetooth__controller.a(ticker.c.obj)
                0x00000000000109fc                ticker_init
 .text.ticker_trigger
                0x0000000000010a84       0x30 zephyr/subsys/bluetooth/controller/libsubsys__bluetooth__controller.a(ticker.c.obj)
                0x0000000000010a84                ticker_trigger
 .text.ticker_start_ext
                0x0000000000010ab4       0xac zephyr/subsys/bluetooth/controller/libsubsys__bluetooth__controller.a(ticker.c.obj)
                0x0000000000010ab4                ticker_start_ext
 .text.ticker_start
                0x0000000000010b60       0x38 zephyr/subsys/bluetooth/controller/libsubsys__bluetooth__controller.a(ticker.c.obj)
                0x0000000000010b60                ticker_start
 .text.ticker_update
                0x0000000000010b98       0xa4 zephyr/subsys/bluetooth/controller/libsubsys__bluetooth__controller.a(ticker.c.obj)
                0x0000000000010b98                ticker_update
 .text.ticker_stop
                0x0000000000010c3c       0x84 zephyr/subsys/bluetooth/controller/libsubsys__bluetooth__controller.a(ticker.c.obj)
                0x0000000000010c3c                ticker_stop
 .text.ticker_next_slot_get
                0x0000000000010cc0       0x8c zephyr/subsys/bluetooth/controller/libsubsys__bluetooth__controller.a(ticker.c.obj)
                0x0000000000010cc0                ticker_next_slot_get
 .text.ticker_job_sched
                0x0000000000010d4c       0x30 zephyr/subsys/bluetooth/controller/libsubsys__bluetooth__controller.a(ticker.c.obj)
                0x0000000000010d4c                ticker_job_sched
 .text.ticker_ticks_now_get
                0x0000000000010d7c        0x4 zephyr/subsys/bluetooth/controller/libsubsys__bluetooth__controller.a(ticker.c.obj)
                0x0000000000010d7c                ticker_ticks_now_get
 .text.ticker_ticks_diff_get
                0x0000000000010d80        0x8 zephyr/subsys/bluetooth/controller/libsubsys__bluetooth__controller.a(ticker.c.obj)
                0x0000000000010d80                ticker_ticks_diff_get
 .text.ll_addr_get
                0x0000000000010d88       0x3c zephyr/subsys/bluetooth/controller/libsubsys__bluetooth__controller.a(ll_addr.c.obj)
                0x0000000000010d88                ll_addr_get
 .text.ll_addr_set
                0x0000000000010dc4       0x44 zephyr/subsys/bluetooth/controller/libsubsys__bluetooth__controller.a(ll_addr.c.obj)
                0x0000000000010dc4                ll_addr_set
 .text.ll_tx_pwr_lvl_get
                0x0000000000010e08       0x20 zephyr/subsys/bluetooth/controller/libsubsys__bluetooth__controller.a(ll_tx_pwr.c.obj)
                0x0000000000010e08                ll_tx_pwr_lvl_get
 .text.ll_tx_pwr_get
                0x0000000000010e28        0x8 zephyr/subsys/bluetooth/controller/libsubsys__bluetooth__controller.a(ll_tx_pwr.c.obj)
                0x0000000000010e28                ll_tx_pwr_get
 .text.hci_driver_init
                0x0000000000010e30       0x10 zephyr/subsys/bluetooth/controller/libsubsys__bluetooth__controller.a(hci_driver.c.obj)
 .text.hci_driver_send
                0x0000000000010e40       0xb0 zephyr/subsys/bluetooth/controller/libsubsys__bluetooth__controller.a(hci_driver.c.obj)
 .text.recv_thread
                0x0000000000010ef0       0xf0 zephyr/subsys/bluetooth/controller/libsubsys__bluetooth__controller.a(hci_driver.c.obj)
 .text.prio_recv_thread
                0x0000000000010fe0       0xc0 zephyr/subsys/bluetooth/controller/libsubsys__bluetooth__controller.a(hci_driver.c.obj)
 .text.hci_driver_open
                0x00000000000110a0       0xb8 zephyr/subsys/bluetooth/controller/libsubsys__bluetooth__controller.a(hci_driver.c.obj)
 .text.le_remote_feat_complete
                0x0000000000011158       0x78 zephyr/subsys/bluetooth/controller/libsubsys__bluetooth__controller.a(hci.c.obj)
 .text.hci_vendor_cmd_handle_common
                0x00000000000111d0      0x1ac zephyr/subsys/bluetooth/controller/libsubsys__bluetooth__controller.a(hci.c.obj)
                0x00000000000111d0                hci_vendor_cmd_handle_common
 .text.hci_cmd_handle
                0x000000000001137c      0xaa0 zephyr/subsys/bluetooth/controller/libsubsys__bluetooth__controller.a(hci.c.obj)
                0x000000000001137c                hci_cmd_handle
 .text.hci_acl_handle
                0x0000000000011e1c      0x12c zephyr/subsys/bluetooth/controller/libsubsys__bluetooth__controller.a(hci.c.obj)
                0x0000000000011e1c                hci_acl_handle
 .text.hci_disconn_complete_encode
                0x0000000000011f48       0x40 zephyr/subsys/bluetooth/controller/libsubsys__bluetooth__controller.a(hci.c.obj)
                0x0000000000011f48                hci_disconn_complete_encode
 .text.hci_disconn_complete_process
                0x0000000000011f88       0x10 zephyr/subsys/bluetooth/controller/libsubsys__bluetooth__controller.a(hci.c.obj)
                0x0000000000011f88                hci_disconn_complete_process
 .text.hci_acl_encode
                0x0000000000011f98       0x74 zephyr/subsys/bluetooth/controller/libsubsys__bluetooth__controller.a(hci.c.obj)
                0x0000000000011f98                hci_acl_encode
 .text.hci_evt_encode
                0x000000000001200c      0x9dc zephyr/subsys/bluetooth/controller/libsubsys__bluetooth__controller.a(hci.c.obj)
                0x000000000001200c                hci_evt_encode
 .text.hci_num_cmplt_encode
                0x00000000000129e8       0x30 zephyr/subsys/bluetooth/controller/libsubsys__bluetooth__controller.a(hci.c.obj)
                0x00000000000129e8                hci_num_cmplt_encode
 .text.hci_get_class
                0x0000000000012a18       0x2c zephyr/subsys/bluetooth/controller/libsubsys__bluetooth__controller.a(hci.c.obj)
                0x0000000000012a18                hci_get_class
 .text.hci_init
                0x0000000000012a44       0x4c zephyr/subsys/bluetooth/controller/libsubsys__bluetooth__controller.a(hci.c.obj)
                0x0000000000012a44                hci_init
 .text.bt_rand  0x0000000000012a90        0x4 zephyr/subsys/bluetooth/controller/libsubsys__bluetooth__controller.a(crypto.c.obj)
                0x0000000000012a90                bt_rand
 .text.bt_encrypt_le
                0x0000000000012a94        0xc zephyr/subsys/bluetooth/controller/libsubsys__bluetooth__controller.a(crypto.c.obj)
                0x0000000000012a94                bt_encrypt_le
 .text.perform_lll_reset
                0x0000000000012aa0       0xc0 zephyr/subsys/bluetooth/controller/libsubsys__bluetooth__controller.a(ull.c.obj)
 .text.disabled_cb
                0x0000000000012b60        0x4 zephyr/subsys/bluetooth/controller/libsubsys__bluetooth__controller.a(ull.c.obj)
 .text.tx_cmplt_get
                0x0000000000012b64       0xcc zephyr/subsys/bluetooth/controller/libsubsys__bluetooth__controller.a(ull.c.obj)
 .text.rx_demux
                0x0000000000012c30      0x38c zephyr/subsys/bluetooth/controller/libsubsys__bluetooth__controller.a(ull.c.obj)
 .text.init_reset
                0x0000000000012fbc      0x1e8 zephyr/subsys/bluetooth/controller/libsubsys__bluetooth__controller.a(ull.c.obj)
 .text.ll_init  0x00000000000131a4      0x100 zephyr/subsys/bluetooth/controller/libsubsys__bluetooth__controller.a(ull.c.obj)
                0x00000000000131a4                ll_init
 .text.ll_reset
                0x00000000000132a4      0x180 zephyr/subsys/bluetooth/controller/libsubsys__bluetooth__controller.a(ull.c.obj)
                0x00000000000132a4                ll_reset
 .text.ll_rx_get
                0x0000000000013424      0x1ac zephyr/subsys/bluetooth/controller/libsubsys__bluetooth__controller.a(ull.c.obj)
                0x0000000000013424                ll_rx_get
 .text.ll_rx_dequeue
                0x00000000000135d0      0x19c zephyr/subsys/bluetooth/controller/libsubsys__bluetooth__controller.a(ull.c.obj)
                0x00000000000135d0                ll_rx_dequeue
 .text.ll_rx_mem_release
                0x000000000001376c      0x330 zephyr/subsys/bluetooth/controller/libsubsys__bluetooth__controller.a(ull.c.obj)
                0x000000000001376c                ll_rx_mem_release
 .text.ll_rx_link_alloc
                0x0000000000013a9c        0xc zephyr/subsys/bluetooth/controller/libsubsys__bluetooth__controller.a(ull.c.obj)
                0x0000000000013a9c                ll_rx_link_alloc
 .text.ll_rx_link_release
                0x0000000000013aa8        0xc zephyr/subsys/bluetooth/controller/libsubsys__bluetooth__controller.a(ull.c.obj)
                0x0000000000013aa8                ll_rx_link_release
 .text.ll_rx_alloc
                0x0000000000013ab4        0xc zephyr/subsys/bluetooth/controller/libsubsys__bluetooth__controller.a(ull.c.obj)
                0x0000000000013ab4                ll_rx_alloc
 .text.ll_rx_release
                0x0000000000013ac0        0xc zephyr/subsys/bluetooth/controller/libsubsys__bluetooth__controller.a(ull.c.obj)
                0x0000000000013ac0                ll_rx_release
 .text.ll_rx_put
                0x0000000000013acc       0x14 zephyr/subsys/bluetooth/controller/libsubsys__bluetooth__controller.a(ull.c.obj)
                0x0000000000013acc                ll_rx_put
 .text.ll_rx_sched
                0x0000000000013ae0        0xc zephyr/subsys/bluetooth/controller/libsubsys__bluetooth__controller.a(ull.c.obj)
                0x0000000000013ae0                ll_rx_sched
 .text.ll_pdu_rx_alloc_peek
                0x0000000000013aec       0x3c zephyr/subsys/bluetooth/controller/libsubsys__bluetooth__controller.a(ull.c.obj)
                0x0000000000013aec                ll_pdu_rx_alloc_peek
 .text.ll_pdu_rx_alloc
                0x0000000000013b28       0x2c zephyr/subsys/bluetooth/controller/libsubsys__bluetooth__controller.a(ull.c.obj)
                0x0000000000013b28                ll_pdu_rx_alloc
 .text.ll_tx_ack_put
                0x0000000000013b54       0x68 zephyr/subsys/bluetooth/controller/libsubsys__bluetooth__controller.a(ull.c.obj)
                0x0000000000013b54                ll_tx_ack_put
 .text.ull_ticker_status_give
                0x0000000000013bbc        0xc zephyr/subsys/bluetooth/controller/libsubsys__bluetooth__controller.a(ull.c.obj)
                0x0000000000013bbc                ull_ticker_status_give
 .text.ull_ticker_status_take
                0x0000000000013bc8       0x1c zephyr/subsys/bluetooth/controller/libsubsys__bluetooth__controller.a(ull.c.obj)
                0x0000000000013bc8                ull_ticker_status_take
 .text.ull_disable_mark
                0x0000000000013be4       0x14 zephyr/subsys/bluetooth/controller/libsubsys__bluetooth__controller.a(ull.c.obj)
                0x0000000000013be4                ull_disable_mark
 .text.ull_disable_unmark
                0x0000000000013bf8       0x18 zephyr/subsys/bluetooth/controller/libsubsys__bluetooth__controller.a(ull.c.obj)
                0x0000000000013bf8                ull_disable_unmark
 .text.ull_disable_mark_get
                0x0000000000013c10        0xc zephyr/subsys/bluetooth/controller/libsubsys__bluetooth__controller.a(ull.c.obj)
                0x0000000000013c10                ull_disable_mark_get
 .text.ull_update_mark
                0x0000000000013c1c       0x14 zephyr/subsys/bluetooth/controller/libsubsys__bluetooth__controller.a(ull.c.obj)
                0x0000000000013c1c                ull_update_mark
 .text.ull_update_unmark
                0x0000000000013c30       0x18 zephyr/subsys/bluetooth/controller/libsubsys__bluetooth__controller.a(ull.c.obj)
                0x0000000000013c30                ull_update_unmark
 .text.ull_update_mark_get
                0x0000000000013c48        0xc zephyr/subsys/bluetooth/controller/libsubsys__bluetooth__controller.a(ull.c.obj)
                0x0000000000013c48                ull_update_mark_get
 .text.ull_disable
                0x0000000000013c54       0x7c zephyr/subsys/bluetooth/controller/libsubsys__bluetooth__controller.a(ull.c.obj)
                0x0000000000013c54                ull_disable
 .text.ull_pdu_rx_alloc_peek
                0x0000000000013cd0       0x3c zephyr/subsys/bluetooth/controller/libsubsys__bluetooth__controller.a(ull.c.obj)
                0x0000000000013cd0                ull_pdu_rx_alloc_peek
 .text.ull_pdu_rx_alloc
                0x0000000000013d0c       0x2c zephyr/subsys/bluetooth/controller/libsubsys__bluetooth__controller.a(ull.c.obj)
                0x0000000000013d0c                ull_pdu_rx_alloc
 .text.ull_rx_put
                0x0000000000013d38       0x20 zephyr/subsys/bluetooth/controller/libsubsys__bluetooth__controller.a(ull.c.obj)
                0x0000000000013d38                ull_rx_put
 .text.ull_rx_sched
                0x0000000000013d58       0x10 zephyr/subsys/bluetooth/controller/libsubsys__bluetooth__controller.a(ull.c.obj)
                0x0000000000013d58                ull_rx_sched
 .text.ull_prepare_enqueue
                0x0000000000013d68       0x8c zephyr/subsys/bluetooth/controller/libsubsys__bluetooth__controller.a(ull.c.obj)
                0x0000000000013d68                ull_prepare_enqueue
 .text.ull_prepare_dequeue_get
                0x0000000000013df4       0x1c zephyr/subsys/bluetooth/controller/libsubsys__bluetooth__controller.a(ull.c.obj)
                0x0000000000013df4                ull_prepare_dequeue_get
 .text.ull_prepare_dequeue_iter
                0x0000000000013e10       0x40 zephyr/subsys/bluetooth/controller/libsubsys__bluetooth__controller.a(ull.c.obj)
                0x0000000000013e10                ull_prepare_dequeue_iter
 .text.ull_event_done_extra_get
                0x0000000000013e50       0x20 zephyr/subsys/bluetooth/controller/libsubsys__bluetooth__controller.a(ull.c.obj)
                0x0000000000013e50                ull_event_done_extra_get
 .text.ull_event_done
                0x0000000000013e70       0x60 zephyr/subsys/bluetooth/controller/libsubsys__bluetooth__controller.a(ull.c.obj)
                0x0000000000013e70                ull_event_done
 .text.ticker_stop_cb
                0x0000000000013ed0       0x84 zephyr/subsys/bluetooth/controller/libsubsys__bluetooth__controller.a(ull_adv.c.obj)
 .text.ticker_cb
                0x0000000000013f54      0x12c zephyr/subsys/bluetooth/controller/libsubsys__bluetooth__controller.a(ull_adv.c.obj)
 .text.ticker_op_stop_cb
                0x0000000000014080       0xb8 zephyr/subsys/bluetooth/controller/libsubsys__bluetooth__controller.a(ull_adv.c.obj)
 .text.disabled_cb
                0x0000000000014138       0xa4 zephyr/subsys/bluetooth/controller/libsubsys__bluetooth__controller.a(ull_adv.c.obj)
 .text.ticker_op_update_cb
                0x00000000000141dc       0x38 zephyr/subsys/bluetooth/controller/libsubsys__bluetooth__controller.a(ull_adv.c.obj)
 .text.conn_release.constprop.0
                0x0000000000014214       0x8c zephyr/subsys/bluetooth/controller/libsubsys__bluetooth__controller.a(ull_adv.c.obj)
 .text.disable.part.0
                0x00000000000142a0      0x15c zephyr/subsys/bluetooth/controller/libsubsys__bluetooth__controller.a(ull_adv.c.obj)
 .text.ll_adv_params_set
                0x00000000000143fc      0x140 zephyr/subsys/bluetooth/controller/libsubsys__bluetooth__controller.a(ull_adv.c.obj)
                0x00000000000143fc                ll_adv_params_set
 .text.ull_adv_init
                0x000000000001453c        0x4 zephyr/subsys/bluetooth/controller/libsubsys__bluetooth__controller.a(ull_adv.c.obj)
                0x000000000001453c                ull_adv_init
 .text.ull_adv_reset
                0x0000000000014540       0x18 zephyr/subsys/bluetooth/controller/libsubsys__bluetooth__controller.a(ull_adv.c.obj)
                0x0000000000014540                ull_adv_reset
 .text.ull_adv_handle_get
                0x0000000000014558       0x18 zephyr/subsys/bluetooth/controller/libsubsys__bluetooth__controller.a(ull_adv.c.obj)
                0x0000000000014558                ull_adv_handle_get
 .text.ull_adv_lll_handle_get
                0x0000000000014570       0x1c zephyr/subsys/bluetooth/controller/libsubsys__bluetooth__controller.a(ull_adv.c.obj)
                0x0000000000014570                ull_adv_lll_handle_get
 .text.ull_adv_is_enabled_get
                0x000000000001458c       0x1c zephyr/subsys/bluetooth/controller/libsubsys__bluetooth__controller.a(ull_adv.c.obj)
                0x000000000001458c                ull_adv_is_enabled_get
 .text.ull_adv_is_enabled
                0x00000000000145a8       0x18 zephyr/subsys/bluetooth/controller/libsubsys__bluetooth__controller.a(ull_adv.c.obj)
                0x00000000000145a8                ull_adv_is_enabled
 .text.ull_adv_filter_pol_get
                0x00000000000145c0       0x20 zephyr/subsys/bluetooth/controller/libsubsys__bluetooth__controller.a(ull_adv.c.obj)
                0x00000000000145c0                ull_adv_filter_pol_get
 .text.ull_adv_data_set
                0x00000000000145e0       0xc0 zephyr/subsys/bluetooth/controller/libsubsys__bluetooth__controller.a(ull_adv.c.obj)
                0x00000000000145e0                ull_adv_data_set
 .text.ll_adv_data_set
                0x00000000000146a0       0x10 zephyr/subsys/bluetooth/controller/libsubsys__bluetooth__controller.a(ull_adv.c.obj)
                0x00000000000146a0                ll_adv_data_set
 .text.ull_scan_rsp_set
                0x00000000000146b0       0x98 zephyr/subsys/bluetooth/controller/libsubsys__bluetooth__controller.a(ull_adv.c.obj)
                0x00000000000146b0                ull_scan_rsp_set
 .text.ll_adv_scan_rsp_set
                0x0000000000014748       0x10 zephyr/subsys/bluetooth/controller/libsubsys__bluetooth__controller.a(ull_adv.c.obj)
                0x0000000000014748                ll_adv_scan_rsp_set
 .text.ticker_cb
                0x0000000000014758       0x8c zephyr/subsys/bluetooth/controller/libsubsys__bluetooth__controller.a(ull_scan.c.obj)
 .text.ull_scan_init
                0x00000000000147e4        0x4 zephyr/subsys/bluetooth/controller/libsubsys__bluetooth__controller.a(ull_scan.c.obj)
                0x00000000000147e4                ull_scan_init
 .text.ull_scan_disable
                0x00000000000147e8       0xe4 zephyr/subsys/bluetooth/controller/libsubsys__bluetooth__controller.a(ull_scan.c.obj)
                0x00000000000147e8                ull_scan_disable
 .text.ll_scan_enable
                0x00000000000148cc       0xc0 zephyr/subsys/bluetooth/controller/libsubsys__bluetooth__controller.a(ull_scan.c.obj)
                0x00000000000148cc                ll_scan_enable
 .text.ull_scan_reset
                0x000000000001498c       0x3c zephyr/subsys/bluetooth/controller/libsubsys__bluetooth__controller.a(ull_scan.c.obj)
                0x000000000001498c                ull_scan_reset
 .text.ull_scan_handle_get
                0x00000000000149c8       0x1c zephyr/subsys/bluetooth/controller/libsubsys__bluetooth__controller.a(ull_scan.c.obj)
                0x00000000000149c8                ull_scan_handle_get
 .text.ull_scan_lll_handle_get
                0x00000000000149e4       0x1c zephyr/subsys/bluetooth/controller/libsubsys__bluetooth__controller.a(ull_scan.c.obj)
                0x00000000000149e4                ull_scan_lll_handle_get
 .text.ull_scan_is_enabled_get
                0x0000000000014a00       0x1c zephyr/subsys/bluetooth/controller/libsubsys__bluetooth__controller.a(ull_scan.c.obj)
                0x0000000000014a00                ull_scan_is_enabled_get
 .text.ull_scan_is_disabled_get
                0x0000000000014a1c       0x18 zephyr/subsys/bluetooth/controller/libsubsys__bluetooth__controller.a(ull_scan.c.obj)
                0x0000000000014a1c                ull_scan_is_disabled_get
 .text.ull_scan_is_enabled
                0x0000000000014a34       0x30 zephyr/subsys/bluetooth/controller/libsubsys__bluetooth__controller.a(ull_scan.c.obj)
                0x0000000000014a34                ull_scan_is_enabled
 .text.ull_scan_filter_pol_get
                0x0000000000014a64       0x20 zephyr/subsys/bluetooth/controller/libsubsys__bluetooth__controller.a(ull_scan.c.obj)
                0x0000000000014a64                ull_scan_filter_pol_get
 .text.tx_ull_dequeue
                0x0000000000014a84       0x90 zephyr/subsys/bluetooth/controller/libsubsys__bluetooth__controller.a(ull_conn.c.obj)
 .text.calc_eff_time
                0x0000000000014b14       0x54 zephyr/subsys/bluetooth/controller/libsubsys__bluetooth__controller.a(ull_conn.c.obj)
 .text.ticker_update_latency_cancel_op_cb
                0x0000000000014b68       0x48 zephyr/subsys/bluetooth/controller/libsubsys__bluetooth__controller.a(ull_conn.c.obj)
 .text.init_reset